
======================================================================
YEAR 1986
1986 [1] selected 2920 timesteps
1986 [2] selection done: 0.7 s
1986 [3] starting LOAD...
1986 [3] LOAD done: 2.72 min, 51.3 MB
1986 [4] leap/time processing: 0.0 s
1986: huss min=0.000000, mean=0.007569, max=0.021244
1986 [5] value validation: 0.0 s
1986 [6] starting WRITE...
1986 [6] WRITE done: 0.01 min
1986 [7] VERIFY done: 0.1 s
DONE huss_SPEEDY_1986.nc: 41.0 MB
1986 TOTAL: 2.75 min

======================================================================
YEAR 1987
1987 [1] selected 2920 timesteps
1987 [2] selection done: 0.5 s
1987 [3] starting LOAD...
1987 [3] LOAD done: 2.26 min, 51.3 MB
1987 [4] leap/time processing: 0.0 s
1987: huss min=0.000000, mean=0.007603, max=0.022111
1987 [5] value validation: 0.0 s
1987 [6] starting WRITE...
1987 [6] WRITE done: 0.01 min
1987 [7] VERIFY done: 0.0 s
DONE huss_SPEEDY_1987.nc: 41.1 MB
1987 TOTAL: 2.28 min

======================================================================
YEAR 1988
1988 [1] selected 2920 timesteps
1988 [2] selection done: 0.5 s
1988 [3] starting LOAD...
1988 [3] LOAD done: 2.31 min, 51.3 MB
1988: leap gap found: 1988-02-28T21 -> 1988-03-01T00
1988: inserted 8 records for Feb 29
1988 [4] leap/time processing: 7.8 s
WARNING 1988: negative huss minimum -0.000000
1988: huss min=-0.000000, mean=0.007598, max=0.022198
1988 [5] value validation: 0.1 s
1988 [6] starting WRITE...
1988 [6] WRITE done: 0.04 min
1988 [7] VERIFY done: 0.1 s
DONE huss_SPEEDY_1988.nc: 41.2 MB
1988 TOTAL: 2.49 min

======================================================================
YEAR 1989
1989 [1] selected 2920 timesteps
1989 [2] selection done: 0.7 s
1989 [3] starting LOAD...
1989 [3] LOAD done: 3.61 min, 51.3 MB
1989 [4] leap/time processing: 0.0 s
1989: huss min=0.000000, mean=0.007602, max=0.022424
1989 [5] value validation: 0.1 s
1989 [6] starting WRITE...
1989 [6] WRITE done: 0.01 min
1989 [7] VERIFY done: 0.1 s
DONE huss_SPEEDY_1989.nc: 41.0 MB
1989 TOTAL: 3.64 min

======================================================================
YEAR 1990
1990 [1] selected 2920 timesteps
1990 [2] selection done: 0.8 s
1990 [3] starting LOAD...
