
======================================================================
YEAR 1956
1956 [1] selected 2920 timesteps
1956 [2] selection done: 0.5 s
1956 [3] starting LOAD...
1956 [3] LOAD done: 0.09 min, 51.3 MB
1956: leap gap found: 1956-02-28T21 -> 1956-03-01T00
1956: inserted 8 records for Feb 29
1956 [4] leap/time processing: 0.7 s
WARNING 1956: negative huss minimum -0.000000
1956: huss min=-0.000000, mean=0.007431, max=0.022171
1956 [5] value validation: 0.1 s
1956 [6] starting WRITE...
1956 [6] WRITE done: 0.01 min
1956 [7] VERIFY done: 0.1 s
DONE huss_SPEEDY_1956.nc: 41.1 MB
1956 TOTAL: 0.12 min

======================================================================
YEAR 1957
1957 [1] selected 2920 timesteps
1957 [2] selection done: 0.5 s
1957 [3] starting LOAD...
1957 [3] LOAD done: 2.41 min, 51.3 MB
1957 [4] leap/time processing: 0.0 s
1957: huss min=0.000000, mean=0.007455, max=0.021506
1957 [5] value validation: 0.0 s
1957 [6] starting WRITE...
1957 [6] WRITE done: 0.01 min
1957 [7] VERIFY done: 0.0 s
DONE huss_SPEEDY_1957.nc: 41.0 MB
1957 TOTAL: 2.42 min

======================================================================
YEAR 1958
1958 [1] selected 2920 timesteps
1958 [2] selection done: 0.5 s
1958 [3] starting LOAD...
1958 [3] LOAD done: 2.19 min, 51.3 MB
1958 [4] leap/time processing: 0.0 s
1958: huss min=0.000000, mean=0.007370, max=0.021805
1958 [5] value validation: 0.1 s
1958 [6] starting WRITE...
1958 [6] WRITE done: 0.01 min
1958 [7] VERIFY done: 0.0 s
DONE huss_SPEEDY_1958.nc: 41.0 MB
1958 TOTAL: 2.21 min

======================================================================
YEAR 1959
1959 [1] selected 2920 timesteps
1959 [2] selection done: 0.5 s
1959 [3] starting LOAD...
1959 [3] LOAD done: 2.10 min, 51.3 MB
1959 [4] leap/time processing: 0.0 s
1959: huss min=0.000000, mean=0.007347, max=0.021748
1959 [5] value validation: 0.0 s
1959 [6] starting WRITE...
1959 [6] WRITE done: 0.01 min
1959 [7] VERIFY done: 0.0 s
DONE huss_SPEEDY_1959.nc: 40.8 MB
1959 TOTAL: 2.12 min

======================================================================
YEAR 1960
1960 [1] selected 2920 timesteps
1960 [2] selection done: 0.5 s
1960 [3] starting LOAD...
1960 [3] LOAD done: 2.24 min, 51.3 MB
1960: leap gap found: 1960-02-28T21 -> 1960-03-01T00
1960: inserted 8 records for Feb 29
1960 [4] leap/time processing: 0.3 s
WARNING 1960: negative huss minimum -0.000000
1960: huss min=-0.000000, mean=0.007363, max=0.021546
1960 [5] value validation: 0.0 s
1960 [6] starting WRITE...
1960 [6] WRITE done: 0.01 min
1960 [7] VERIFY done: 0.0 s
DONE huss_SPEEDY_1960.nc: 41.0 MB
1960 TOTAL: 2.27 min

======================================================================
YEAR 1961
1961 [1] selected 2920 timesteps
1961 [2] selection done: 0.5 s
1961 [3] starting LOAD...
1961 [3] LOAD done: 2.52 min, 51.3 MB
1961 [4] leap/time processing: 0.0 s
1961: huss min=0.000000, mean=0.007471, max=0.021513
1961 [5] value validation: 0.0 s
1961 [6] starting WRITE...
1961 [6] WRITE done: 0.01 min
1961 [7] VERIFY done: 0.0 s
DONE huss_SPEEDY_1961.nc: 41.0 MB
1961 TOTAL: 2.54 min

======================================================================
YEAR 1962
1962 [1] selected 2920 timesteps
1962 [2] selection done: 0.5 s
1962 [3] starting LOAD...
1962 [3] LOAD done: 0.08 min, 51.3 MB
1962 [4] leap/time processing: 0.0 s
1962: huss min=0.000000, mean=0.007424, max=0.021216
1962 [5] value validation: 0.0 s
1962 [6] starting WRITE...
1962 [6] WRITE done: 0.01 min
1962 [7] VERIFY done: 0.0 s
DONE huss_SPEEDY_1962.nc: 40.9 MB
1962 TOTAL: 0.10 min

======================================================================
YEAR 1963
1963 [1] selected 2920 timesteps
1963 [2] selection done: 0.5 s
1963 [3] starting LOAD...
1963 [3] LOAD done: 1.97 min, 51.3 MB
1963 [4] leap/time processing: 0.0 s
1963: huss min=0.000000, mean=0.007450, max=0.021833
1963 [5] value validation: 0.0 s
1963 [6] starting WRITE...
1963 [6] WRITE done: 0.01 min
1963 [7] VERIFY done: 0.0 s
DONE huss_SPEEDY_1963.nc: 41.1 MB
1963 TOTAL: 1.99 min

======================================================================
YEAR 1964
1964 [1] selected 2920 timesteps
1964 [2] selection done: 0.5 s
1964 [3] starting LOAD...
1964 [3] LOAD done: 1.99 min, 51.3 MB
1964: leap gap found: 1964-02-28T21 -> 1964-03-01T00
1964: inserted 8 records for Feb 29
1964 [4] leap/time processing: 0.3 s
WARNING 1964: negative huss minimum -0.000000
1964: huss min=-0.000000, mean=0.007459, max=0.021369
1964 [5] value validation: 0.0 s
1964 [6] starting WRITE...
1964 [6] WRITE done: 0.01 min
1964 [7] VERIFY done: 0.0 s
DONE huss_SPEEDY_1964.nc: 41.1 MB
1964 TOTAL: 2.01 min

======================================================================
YEAR 1965
1965 [1] selected 2920 timesteps
1965 [2] selection done: 0.5 s
1965 [3] starting LOAD...
1965 [3] LOAD done: 1.68 min, 51.3 MB
1965 [4] leap/time processing: 0.0 s
1965: huss min=0.000000, mean=0.007455, max=0.022830
1965 [5] value validation: 0.0 s
1965 [6] starting WRITE...
1965 [6] WRITE done: 0.01 min
1965 [7] VERIFY done: 0.0 s
DONE huss_SPEEDY_1965.nc: 41.0 MB
1965 TOTAL: 1.70 min

======================================================================
YEAR 1966
1966 [1] selected 2920 timesteps
1966 [2] selection done: 0.5 s
1966 [3] starting LOAD...
1966 [3] LOAD done: 1.72 min, 51.3 MB
1966 [4] leap/time processing: 0.0 s
1966: huss min=0.000000, mean=0.007446, max=0.021879
1966 [5] value validation: 0.0 s
1966 [6] starting WRITE...
1966 [6] WRITE done: 0.01 min
1966 [7] VERIFY done: 0.0 s
DONE huss_SPEEDY_1966.nc: 40.9 MB
1966 TOTAL: 1.73 min

======================================================================
YEAR 1967
1967 [1] selected 2920 timesteps
1967 [2] selection done: 0.5 s
1967 [3] starting LOAD...
1967 [3] LOAD done: 1.63 min, 51.3 MB
1967 [4] leap/time processing: 0.0 s
1967: huss min=0.000000, mean=0.007505, max=0.022274
1967 [5] value validation: 0.1 s
1967 [6] starting WRITE...
1967 [6] WRITE done: 0.01 min
1967 [7] VERIFY done: 0.0 s
DONE huss_SPEEDY_1967.nc: 41.2 MB
1967 TOTAL: 1.64 min

======================================================================
YEAR 1968
1968 [1] selected 2920 timesteps
1968 [2] selection done: 0.5 s
1968 [3] starting LOAD...
1968 [3] LOAD done: 0.08 min, 51.3 MB
1968: leap gap found: 1968-02-28T21 -> 1968-03-01T00
1968: inserted 8 records for Feb 29
1968 [4] leap/time processing: 0.3 s
WARNING 1968: negative huss minimum -0.000000
1968: huss min=-0.000000, mean=0.007441, max=0.021644
1968 [5] value validation: 0.0 s
1968 [6] starting WRITE...
1968 [6] WRITE done: 0.01 min
1968 [7] VERIFY done: 0.0 s
DONE huss_SPEEDY_1968.nc: 41.0 MB
1968 TOTAL: 0.10 min

======================================================================
YEAR 1969
1969 [1] selected 2920 timesteps
1969 [2] selection done: 0.5 s
1969 [3] starting LOAD...
1969 [3] LOAD done: 2.31 min, 51.3 MB
1969 [4] leap/time processing: 0.0 s
1969: huss min=0.000000, mean=0.007419, max=0.021355
1969 [5] value validation: 0.1 s
1969 [6] starting WRITE...
1969 [6] WRITE done: 0.01 min
1969 [7] VERIFY done: 0.0 s
DONE huss_SPEEDY_1969.nc: 41.0 MB
1969 TOTAL: 2.33 min

======================================================================
YEAR 1970
1970 [1] selected 2920 timesteps
1970 [2] selection done: 0.5 s
1970 [3] starting LOAD...
1970 [3] LOAD done: 0.10 min, 51.3 MB
1970 [4] leap/time processing: 0.0 s
1970: huss min=0.000000, mean=0.007452, max=0.021941
1970 [5] value validation: 0.1 s
1970 [6] starting WRITE...
1970 [6] WRITE done: 0.01 min
1970 [7] VERIFY done: 0.0 s
DONE huss_SPEEDY_1970.nc: 41.0 MB
1970 TOTAL: 0.12 min

======================================================================
YEAR 1971
1971 [1] selected 2920 timesteps
1971 [2] selection done: 0.5 s
1971 [3] starting LOAD...
1971 [3] LOAD done: 1.88 min, 51.3 MB
1971 [4] leap/time processing: 0.0 s
1971: huss min=0.000000, mean=0.007550, max=0.021775
1971 [5] value validation: 0.1 s
1971 [6] starting WRITE...
1971 [6] WRITE done: 0.01 min
1971 [7] VERIFY done: 0.0 s
DONE huss_SPEEDY_1971.nc: 41.2 MB
1971 TOTAL: 1.89 min

======================================================================
YEAR 1972
1972 [1] selected 2920 timesteps
1972 [2] selection done: 0.5 s
1972 [3] starting LOAD...
1972 [3] LOAD done: 0.08 min, 51.3 MB
1972: leap gap found: 1972-02-28T21 -> 1972-03-01T00
1972: inserted 8 records for Feb 29
1972 [4] leap/time processing: 0.3 s
WARNING 1972: negative huss minimum -0.000000
1972: huss min=-0.000000, mean=0.007510, max=0.021326
1972 [5] value validation: 0.1 s
1972 [6] starting WRITE...
1972 [6] WRITE done: 0.01 min
1972 [7] VERIFY done: 0.0 s
DONE huss_SPEEDY_1972.nc: 41.1 MB
1972 TOTAL: 0.10 min

======================================================================
YEAR 1973
1973 [1] selected 2920 timesteps
1973 [2] selection done: 0.5 s
1973 [3] starting LOAD...
1973 [3] LOAD done: 2.05 min, 51.3 MB
1973 [4] leap/time processing: 0.0 s
1973: huss min=0.000000, mean=0.007492, max=0.021078
1973 [5] value validation: 0.1 s
1973 [6] starting WRITE...
1973 [6] WRITE done: 0.01 min
1973 [7] VERIFY done: 0.0 s
DONE huss_SPEEDY_1973.nc: 41.0 MB
1973 TOTAL: 2.07 min

======================================================================
YEAR 1974
1974 [1] selected 2920 timesteps
1974 [2] selection done: 0.5 s
1974 [3] starting LOAD...
1974 [3] LOAD done: 1.93 min, 51.3 MB
1974 [4] leap/time processing: 0.0 s
1974: huss min=0.000000, mean=0.007527, max=0.021320
1974 [5] value validation: 0.1 s
1974 [6] starting WRITE...
1974 [6] WRITE done: 0.01 min
1974 [7] VERIFY done: 0.0 s
DONE huss_SPEEDY_1974.nc: 41.0 MB
1974 TOTAL: 1.95 min

======================================================================
YEAR 1975
1975 [1] selected 2920 timesteps
1975 [2] selection done: 0.5 s
1975 [3] starting LOAD...
1975 [3] LOAD done: 2.25 min, 51.3 MB
1975 [4] leap/time processing: 0.0 s
1975: huss min=0.000000, mean=0.007501, max=0.021495
1975 [5] value validation: 0.1 s
1975 [6] starting WRITE...
1975 [6] WRITE done: 0.01 min
1975 [7] VERIFY done: 0.0 s
DONE huss_SPEEDY_1975.nc: 41.0 MB
1975 TOTAL: 2.27 min

======================================================================
YEAR 1976
1976 [1] selected 2920 timesteps
1976 [2] selection done: 1.6 s
1976 [3] starting LOAD...
1976 [3] LOAD done: 7.89 min, 51.3 MB
1976: leap gap found: 1976-02-28T21 -> 1976-03-01T00
1976: inserted 8 records for Feb 29
1976 [4] leap/time processing: 1.6 s
WARNING 1976: negative huss minimum -0.000000
1976: huss min=-0.000000, mean=0.007476, max=0.021145
1976 [5] value validation: 0.3 s
1976 [6] starting WRITE...
1976 [6] WRITE done: 0.65 min
1976 [7] VERIFY done: 5.9 s
DONE huss_SPEEDY_1976.nc: 41.2 MB
1976 TOTAL: 8.71 min

======================================================================
YEAR 1977
1977 [1] selected 2920 timesteps
1977 [2] selection done: 14.2 s
1977 [3] starting LOAD...
1977 [3] LOAD done: 2.24 min, 51.3 MB
1977 [4] leap/time processing: 0.0 s
1977: huss min=0.000000, mean=0.007499, max=0.022130
1977 [5] value validation: 0.1 s
1977 [6] starting WRITE...
1977 [6] WRITE done: 0.01 min
1977 [7] VERIFY done: 0.1 s
DONE huss_SPEEDY_1977.nc: 41.1 MB
1977 TOTAL: 2.50 min

======================================================================
YEAR 1978
1978 [1] selected 2920 timesteps
1978 [2] selection done: 0.6 s
1978 [3] starting LOAD...
1978 [3] LOAD done: 6.00 min, 51.3 MB
1978 [4] leap/time processing: 0.0 s
1978: huss min=0.000000, mean=0.007526, max=0.021770
1978 [5] value validation: 0.1 s
1978 [6] starting WRITE...
1978 [6] WRITE done: 0.02 min
1978 [7] VERIFY done: 0.1 s
DONE huss_SPEEDY_1978.nc: 41.0 MB
1978 TOTAL: 6.04 min

======================================================================
YEAR 1979
1979 [1] selected 2920 timesteps
1979 [2] selection done: 3.1 s
1979 [3] starting LOAD...
1979 [3] LOAD done: 12.98 min, 51.3 MB
1979 [4] leap/time processing: 0.3 s
1979: huss min=0.000000, mean=0.007551, max=0.022201
1979 [5] value validation: 0.5 s
1979 [6] starting WRITE...
1979 [6] WRITE done: 1.97 min
1979 [7] VERIFY done: 150.1 s
DONE huss_SPEEDY_1979.nc: 41.0 MB
1979 TOTAL: 17.56 min

======================================================================
YEAR 1980
1980 [1] selected 2920 timesteps
1980 [2] selection done: 275.0 s
1980 [3] starting LOAD...
1980 [3] LOAD done: 16.19 min, 51.3 MB
1980: leap gap found: 1980-02-28T21 -> 1980-03-01T00
1980: inserted 8 records for Feb 29
1980 [4] leap/time processing: 0.3 s
WARNING 1980: negative huss minimum -0.000000
1980: huss min=-0.000000, mean=0.007518, max=0.021462
1980 [5] value validation: 0.1 s
1980 [6] starting WRITE...
1980 [6] WRITE done: 0.01 min
1980 [7] VERIFY done: 0.2 s
DONE huss_SPEEDY_1980.nc: 41.2 MB
1980 TOTAL: 20.81 min

======================================================================
YEAR 1981
1981 [1] selected 2920 timesteps
1981 [2] selection done: 0.5 s
1981 [3] starting LOAD...
1981 [3] LOAD done: 3.65 min, 51.3 MB
1981 [4] leap/time processing: 0.0 s
1981: huss min=0.000000, mean=0.007587, max=0.021826
1981 [5] value validation: 0.1 s
1981 [6] starting WRITE...
1981 [6] WRITE done: 0.08 min
1981 [7] VERIFY done: 3.9 s
DONE huss_SPEEDY_1981.nc: 41.1 MB
1981 TOTAL: 3.81 min

======================================================================
YEAR 1982
1982 [1] selected 2920 timesteps
1982 [2] selection done: 1.5 s
1982 [3] starting LOAD...
1982 [3] LOAD done: 5.94 min, 51.3 MB
1982 [4] leap/time processing: 0.0 s
1982: huss min=0.000000, mean=0.007628, max=0.021822
1982 [5] value validation: 0.1 s
1982 [6] starting WRITE...
1982 [6] WRITE done: 0.10 min
1982 [7] VERIFY done: 0.8 s
DONE huss_SPEEDY_1982.nc: 41.1 MB
1982 TOTAL: 6.09 min

======================================================================
YEAR 1983
1983 [1] selected 2920 timesteps
1983 [2] selection done: 1.7 s
1983 [3] starting LOAD...
1983 [3] LOAD done: 6.85 min, 51.3 MB
1983 [4] leap/time processing: 0.0 s
1983: huss min=0.000000, mean=0.007519, max=0.021146
1983 [5] value validation: 0.6 s
1983 [6] starting WRITE...
1983 [6] WRITE done: 0.25 min
1983 [7] VERIFY done: 0.2 s
DONE huss_SPEEDY_1983.nc: 40.9 MB
1983 TOTAL: 7.15 min

======================================================================
YEAR 1984
1984 [1] selected 2920 timesteps
1984 [2] selection done: 12.9 s
1984 [3] starting LOAD...
1984 [3] LOAD done: 0.39 min, 51.3 MB
1984: leap gap found: 1984-02-28T21 -> 1984-03-01T00
1984: inserted 8 records for Feb 29
1984 [4] leap/time processing: 1.9 s
WARNING 1984: negative huss minimum -0.000000
1984: huss min=-0.000000, mean=0.007520, max=0.022006
1984 [5] value validation: 0.1 s
1984 [6] starting WRITE...
1984 [6] WRITE done: 0.25 min
1984 [7] VERIFY done: 5.1 s
DONE huss_SPEEDY_1984.nc: 41.1 MB
1984 TOTAL: 0.99 min

======================================================================
YEAR 1985
1985 [1] selected 2920 timesteps
1985 [2] selection done: 11.2 s
1985 [3] starting LOAD...
1985 [3] LOAD done: 5.83 min, 51.3 MB
1985 [4] leap/time processing: 0.0 s
1985: huss min=0.000000, mean=0.007552, max=0.021388
1985 [5] value validation: 0.2 s
1985 [6] starting WRITE...
1985 [6] WRITE done: 0.08 min
1985 [7] VERIFY done: 0.1 s
DONE huss_SPEEDY_1985.nc: 41.0 MB
1985 TOTAL: 6.11 min

======================================================================
YEAR 1986
1986 [1] selected 2920 timesteps
1986 [2] selection done: 1.6 s
1986 [3] starting LOAD...
