
======================================================================
YEAR 1986
1986 [1] selected 2920 timesteps
1986 [2] selection done: 0.6 s
1986 [3] starting LOAD...
1986 [3] LOAD done: 1.75 min, 51.3 MB
1986 [4] leap/time processing: 0.0 s
1986: huss min=0.000000, mean=0.007569, max=0.021244
1986 [5] value validation: 0.1 s
1986 [6] starting WRITE...
1986 [6] WRITE done: 0.01 min
1986 [7] VERIFY done: 0.1 s
DONE huss_SPEEDY_1986.nc: 41.0 MB
1986 TOTAL: 1.77 min

======================================================================
YEAR 1987
1987 [1] selected 2920 timesteps
1987 [2] selection done: 0.5 s
1987 [3] starting LOAD...
1987 [3] LOAD done: 1.71 min, 51.3 MB
1987 [4] leap/time processing: 0.0 s
1987: huss min=0.000000, mean=0.007603, max=0.022111
1987 [5] value validation: 0.1 s
1987 [6] starting WRITE...
1987 [6] WRITE done: 0.01 min
1987 [7] VERIFY done: 0.1 s
DONE huss_SPEEDY_1987.nc: 41.1 MB
1987 TOTAL: 1.73 min

======================================================================
YEAR 1988
1988 [1] selected 2920 timesteps
1988 [2] selection done: 0.5 s
1988 [3] starting LOAD...
1988 [3] LOAD done: 1.88 min, 51.3 MB
1988: leap gap found: 1988-02-28T21 -> 1988-03-01T00
1988: inserted 8 records for Feb 29
1988 [4] leap/time processing: 0.9 s
WARNING 1988: negative huss minimum -0.000000
1988: huss min=-0.000000, mean=0.007598, max=0.022198
1988 [5] value validation: 0.1 s
1988 [6] starting WRITE...
1988 [6] WRITE done: 0.01 min
1988 [7] VERIFY done: 0.1 s
DONE huss_SPEEDY_1988.nc: 41.2 MB
1988 TOTAL: 1.91 min

======================================================================
YEAR 1989
1989 [1] selected 2920 timesteps
1989 [2] selection done: 0.5 s
1989 [3] starting LOAD...
1989 [3] LOAD done: 1.81 min, 51.3 MB
1989 [4] leap/time processing: 0.0 s
1989: huss min=0.000000, mean=0.007602, max=0.022424
1989 [5] value validation: 0.1 s
1989 [6] starting WRITE...
1989 [6] WRITE done: 0.01 min
1989 [7] VERIFY done: 0.1 s
DONE huss_SPEEDY_1989.nc: 41.0 MB
1989 TOTAL: 1.83 min

======================================================================
YEAR 1990
1990 [1] selected 2920 timesteps
1990 [2] selection done: 0.5 s
1990 [3] starting LOAD...
1990 [3] LOAD done: 1.92 min, 51.3 MB
1990 [4] leap/time processing: 0.0 s
1990: huss min=0.000000, mean=0.007593, max=0.021670
1990 [5] value validation: 0.1 s
1990 [6] starting WRITE...
1990 [6] WRITE done: 0.01 min
1990 [7] VERIFY done: 0.0 s
DONE huss_SPEEDY_1990.nc: 41.1 MB
1990 TOTAL: 1.94 min

======================================================================
YEAR 1991
1991 [1] selected 2920 timesteps
1991 [2] selection done: 0.5 s
1991 [3] starting LOAD...
1991 [3] LOAD done: 1.84 min, 51.3 MB
1991 [4] leap/time processing: 0.0 s
1991: huss min=0.000000, mean=0.007557, max=0.021512
1991 [5] value validation: 0.1 s
1991 [6] starting WRITE...
1991 [6] WRITE done: 0.01 min
1991 [7] VERIFY done: 0.1 s
DONE huss_SPEEDY_1991.nc: 41.0 MB
1991 TOTAL: 1.85 min

======================================================================
YEAR 1992
1992 [1] selected 2920 timesteps
1992 [2] selection done: 0.6 s
1992 [3] starting LOAD...
1992 [3] LOAD done: 1.86 min, 51.3 MB
1992: leap gap found: 1992-02-28T21 -> 1992-03-01T00
1992: inserted 8 records for Feb 29
1992 [4] leap/time processing: 0.4 s
WARNING 1992: negative huss minimum -0.000000
1992: huss min=-0.000000, mean=0.007568, max=0.021487
1992 [5] value validation: 0.1 s
1992 [6] starting WRITE...
1992 [6] WRITE done: 0.01 min
1992 [7] VERIFY done: 0.1 s
DONE huss_SPEEDY_1992.nc: 41.1 MB
1992 TOTAL: 1.89 min

======================================================================
YEAR 1993
1993 [1] selected 2920 timesteps
1993 [2] selection done: 0.5 s
1993 [3] starting LOAD...
1993 [3] LOAD done: 0.10 min, 51.3 MB
1993 [4] leap/time processing: 0.0 s
1993: huss min=0.000000, mean=0.007591, max=0.023069
1993 [5] value validation: 0.1 s
1993 [6] starting WRITE...
1993 [6] WRITE done: 0.01 min
1993 [7] VERIFY done: 0.1 s
DONE huss_SPEEDY_1993.nc: 41.0 MB
1993 TOTAL: 0.12 min

======================================================================
YEAR 1994
1994 [1] selected 2920 timesteps
1994 [2] selection done: 0.5 s
1994 [3] starting LOAD...
1994 [3] LOAD done: 2.08 min, 51.3 MB
1994 [4] leap/time processing: 0.0 s
1994: huss min=0.000000, mean=0.007595, max=0.022718
1994 [5] value validation: 0.1 s
1994 [6] starting WRITE...
1994 [6] WRITE done: 0.01 min
1994 [7] VERIFY done: 0.1 s
DONE huss_SPEEDY_1994.nc: 41.0 MB
1994 TOTAL: 2.10 min

======================================================================
YEAR 1995
1995 [1] selected 2920 timesteps
1995 [2] selection done: 0.5 s
1995 [3] starting LOAD...
1995 [3] LOAD done: 1.76 min, 51.3 MB
1995 [4] leap/time processing: 0.0 s
1995: huss min=0.000000, mean=0.007543, max=0.021059
1995 [5] value validation: 0.1 s
1995 [6] starting WRITE...
1995 [6] WRITE done: 0.01 min
1995 [7] VERIFY done: 0.1 s
DONE huss_SPEEDY_1995.nc: 40.9 MB
1995 TOTAL: 1.78 min

======================================================================
YEAR 1996
1996 [1] selected 2920 timesteps
1996 [2] selection done: 0.5 s
1996 [3] starting LOAD...
1996 [3] LOAD done: 1.92 min, 51.3 MB
1996: leap gap found: 1996-02-28T21 -> 1996-03-01T00
1996: inserted 8 records for Feb 29
1996 [4] leap/time processing: 0.3 s
WARNING 1996: negative huss minimum -0.000000
1996: huss min=-0.000000, mean=0.007580, max=0.021793
1996 [5] value validation: 0.1 s
1996 [6] starting WRITE...
1996 [6] WRITE done: 0.01 min
1996 [7] VERIFY done: 0.0 s
DONE huss_SPEEDY_1996.nc: 41.2 MB
1996 TOTAL: 1.95 min

======================================================================
YEAR 1997
1997 [1] selected 2920 timesteps
1997 [2] selection done: 0.5 s
1997 [3] starting LOAD...
1997 [3] LOAD done: 1.95 min, 51.3 MB
1997 [4] leap/time processing: 0.0 s
1997: huss min=0.000000, mean=0.007585, max=0.021481
1997 [5] value validation: 0.1 s
1997 [6] starting WRITE...
1997 [6] WRITE done: 0.01 min
1997 [7] VERIFY done: 0.1 s
DONE huss_SPEEDY_1997.nc: 41.1 MB
1997 TOTAL: 1.97 min

======================================================================
YEAR 1998
1998 [1] selected 2920 timesteps
1998 [2] selection done: 0.5 s
1998 [3] starting LOAD...
1998 [3] LOAD done: 1.84 min, 51.3 MB
1998 [4] leap/time processing: 0.0 s
1998: huss min=0.000000, mean=0.007640, max=0.022164
1998 [5] value validation: 0.1 s
1998 [6] starting WRITE...
1998 [6] WRITE done: 0.01 min
1998 [7] VERIFY done: 0.1 s
DONE huss_SPEEDY_1998.nc: 41.1 MB
1998 TOTAL: 1.86 min

======================================================================
YEAR 1999
1999 [1] selected 2920 timesteps
1999 [2] selection done: 0.5 s
1999 [3] starting LOAD...
1999 [3] LOAD done: 1.92 min, 51.3 MB
1999 [4] leap/time processing: 0.0 s
1999: huss min=0.000000, mean=0.007694, max=0.021853
1999 [5] value validation: 0.1 s
1999 [6] starting WRITE...
1999 [6] WRITE done: 0.01 min
1999 [7] VERIFY done: 0.1 s
DONE huss_SPEEDY_1999.nc: 41.2 MB
1999 TOTAL: 1.94 min

======================================================================
YEAR 2000
2000 [1] selected 2920 timesteps
2000 [2] selection done: 0.5 s
2000 [3] starting LOAD...
2000 [3] LOAD done: 1.87 min, 51.3 MB
2000: leap gap found: 2000-02-28T21 -> 2000-03-01T00
2000: inserted 8 records for Feb 29
2000 [4] leap/time processing: 0.4 s
WARNING 2000: negative huss minimum -0.000000
2000: huss min=-0.000000, mean=0.007703, max=0.022747
2000 [5] value validation: 0.1 s
2000 [6] starting WRITE...
2000 [6] WRITE done: 0.01 min
2000 [7] VERIFY done: 0.1 s
DONE huss_SPEEDY_2000.nc: 41.2 MB
2000 TOTAL: 1.90 min

======================================================================
YEAR 2001
2001 [1] selected 2920 timesteps
2001 [2] selection done: 0.6 s
2001 [3] starting LOAD...
2001 [3] LOAD done: 1.86 min, 51.3 MB
2001 [4] leap/time processing: 0.0 s
2001: huss min=0.000000, mean=0.007646, max=0.022486
2001 [5] value validation: 0.1 s
2001 [6] starting WRITE...
2001 [6] WRITE done: 0.01 min
2001 [7] VERIFY done: 0.1 s
DONE huss_SPEEDY_2001.nc: 41.0 MB
2001 TOTAL: 1.88 min

======================================================================
YEAR 2002
2002 [1] selected 2920 timesteps
2002 [2] selection done: 0.5 s
2002 [3] starting LOAD...
2002 [3] LOAD done: 1.93 min, 51.3 MB
2002 [4] leap/time processing: 0.0 s
2002: huss min=0.000000, mean=0.007629, max=0.021864
2002 [5] value validation: 0.1 s
2002 [6] starting WRITE...
2002 [6] WRITE done: 0.01 min
2002 [7] VERIFY done: 0.0 s
DONE huss_SPEEDY_2002.nc: 41.0 MB
2002 TOTAL: 1.94 min

======================================================================
YEAR 2003
2003 [1] selected 2920 timesteps
2003 [2] selection done: 0.5 s
2003 [3] starting LOAD...
2003 [3] LOAD done: 1.91 min, 51.3 MB
2003 [4] leap/time processing: 0.0 s
2003: huss min=0.000000, mean=0.007697, max=0.022629
2003 [5] value validation: 0.1 s
2003 [6] starting WRITE...
2003 [6] WRITE done: 0.01 min
2003 [7] VERIFY done: 0.1 s
DONE huss_SPEEDY_2003.nc: 41.1 MB
2003 TOTAL: 1.93 min

======================================================================
YEAR 2004
2004 [1] selected 2920 timesteps
2004 [2] selection done: 0.6 s
2004 [3] starting LOAD...
2004 [3] LOAD done: 1.84 min, 51.3 MB
2004: leap gap found: 2004-02-28T21 -> 2004-03-01T00
2004: inserted 8 records for Feb 29
2004 [4] leap/time processing: 0.5 s
WARNING 2004: negative huss minimum -0.000000
2004: huss min=-0.000000, mean=0.007673, max=0.022239
2004 [5] value validation: 0.1 s
2004 [6] starting WRITE...
2004 [6] WRITE done: 0.01 min
2004 [7] VERIFY done: 0.1 s
DONE huss_SPEEDY_2004.nc: 41.2 MB
2004 TOTAL: 1.88 min

======================================================================
YEAR 2005
2005 [1] selected 2920 timesteps
2005 [2] selection done: 0.5 s
2005 [3] starting LOAD...
2005 [3] LOAD done: 2.01 min, 51.3 MB
2005 [4] leap/time processing: 0.0 s
2005: huss min=0.000000, mean=0.007633, max=0.023206
2005 [5] value validation: 0.1 s
2005 [6] starting WRITE...
2005 [6] WRITE done: 0.01 min
2005 [7] VERIFY done: 0.1 s
DONE huss_SPEEDY_2005.nc: 40.9 MB
2005 TOTAL: 2.03 min

======================================================================
YEAR 2006
2006 [1] selected 2920 timesteps
2006 [2] selection done: 0.5 s
2006 [3] starting LOAD...
2006 [3] LOAD done: 0.10 min, 51.3 MB
2006 [4] leap/time processing: 0.0 s
2006: huss min=0.000000, mean=0.007643, max=0.021957
2006 [5] value validation: 0.1 s
2006 [6] starting WRITE...
2006 [6] WRITE done: 0.01 min
2006 [7] VERIFY done: 0.1 s
DONE huss_SPEEDY_2006.nc: 40.9 MB
2006 TOTAL: 0.11 min

======================================================================
YEAR 2007
2007 [1] selected 2920 timesteps
2007 [2] selection done: 0.5 s
2007 [3] starting LOAD...
2007 [3] LOAD done: 1.89 min, 51.3 MB
2007 [4] leap/time processing: 0.0 s
2007: huss min=0.000000, mean=0.007789, max=0.022254
2007 [5] value validation: 0.1 s
2007 [6] starting WRITE...
2007 [6] WRITE done: 0.01 min
2007 [7] VERIFY done: 0.1 s
DONE huss_SPEEDY_2007.nc: 41.1 MB
2007 TOTAL: 1.91 min

======================================================================
YEAR 2008
2008 [1] selected 2920 timesteps
2008 [2] selection done: 0.5 s
2008 [3] starting LOAD...
2008 [3] LOAD done: 0.10 min, 51.3 MB
2008: leap gap found: 2008-02-28T21 -> 2008-03-01T00
2008: inserted 8 records for Feb 29
2008 [4] leap/time processing: 0.4 s
WARNING 2008: negative huss minimum -0.000000
2008: huss min=-0.000000, mean=0.007818, max=0.023090
2008 [5] value validation: 0.1 s
2008 [6] starting WRITE...
2008 [6] WRITE done: 0.01 min
2008 [7] VERIFY done: 0.1 s
DONE huss_SPEEDY_2008.nc: 41.3 MB
2008 TOTAL: 0.13 min

======================================================================
YEAR 2009
2009 [1] selected 2920 timesteps
2009 [2] selection done: 0.5 s
2009 [3] starting LOAD...
2009 [3] LOAD done: 1.86 min, 51.3 MB
2009 [4] leap/time processing: 0.0 s
2009: huss min=0.000000, mean=0.007739, max=0.023179
2009 [5] value validation: 0.1 s
2009 [6] starting WRITE...
2009 [6] WRITE done: 0.01 min
2009 [7] VERIFY done: 0.1 s
DONE huss_SPEEDY_2009.nc: 41.0 MB
2009 TOTAL: 1.88 min

======================================================================
YEAR 2010
2010 [1] selected 2920 timesteps
2010 [2] selection done: 0.5 s
2010 [3] starting LOAD...
2010 [3] LOAD done: 1.85 min, 51.3 MB
2010 [4] leap/time processing: 0.0 s
2010: huss min=0.000000, mean=0.007710, max=0.021726
2010 [5] value validation: 0.1 s
2010 [6] starting WRITE...
2010 [6] WRITE done: 0.01 min
2010 [7] VERIFY done: 0.1 s
DONE huss_SPEEDY_2010.nc: 41.0 MB
2010 TOTAL: 1.87 min

======================================================================
YEAR 2011
2011 [1] selected 2920 timesteps
2011 [2] selection done: 0.5 s
2011 [3] starting LOAD...
2011 [3] LOAD done: 0.10 min, 51.3 MB
2011 [4] leap/time processing: 0.0 s
2011: huss min=0.000000, mean=0.007713, max=0.022651
2011 [5] value validation: 0.1 s
2011 [6] starting WRITE...
2011 [6] WRITE done: 0.01 min
2011 [7] VERIFY done: 0.0 s
DONE huss_SPEEDY_2011.nc: 41.1 MB
2011 TOTAL: 0.11 min

======================================================================
YEAR 2012
2012 [1] selected 2920 timesteps
2012 [2] selection done: 0.5 s
2012 [3] starting LOAD...
2012 [3] LOAD done: 1.94 min, 51.3 MB
2012: leap gap found: 2012-02-28T21 -> 2012-03-01T00
2012: inserted 8 records for Feb 29
2012 [4] leap/time processing: 0.4 s
WARNING 2012: negative huss minimum -0.000000
2012: huss min=-0.000000, mean=0.007699, max=0.022603
2012 [5] value validation: 0.1 s
2012 [6] starting WRITE...
2012 [6] WRITE done: 0.01 min
2012 [7] VERIFY done: 0.1 s
DONE huss_SPEEDY_2012.nc: 41.2 MB
2012 TOTAL: 1.97 min

======================================================================
YEAR 2013
2013 [1] selected 2920 timesteps
2013 [2] selection done: 0.5 s
2013 [3] starting LOAD...
2013 [3] LOAD done: 1.82 min, 51.3 MB
2013 [4] leap/time processing: 0.0 s
2013: huss min=0.000000, mean=0.007714, max=0.022995
2013 [5] value validation: 0.1 s
2013 [6] starting WRITE...
2013 [6] WRITE done: 0.01 min
2013 [7] VERIFY done: 0.0 s
DONE huss_SPEEDY_2013.nc: 41.0 MB
2013 TOTAL: 1.84 min

======================================================================
YEAR 2014
2014 [1] selected 2920 timesteps
2014 [2] selection done: 0.5 s
2014 [3] starting LOAD...
2014 [3] LOAD done: 1.89 min, 51.3 MB
2014 [4] leap/time processing: 0.0 s
2014: huss min=0.000000, mean=0.007724, max=0.021603
2014 [5] value validation: 0.1 s
2014 [6] starting WRITE...
2014 [6] WRITE done: 0.01 min
2014 [7] VERIFY done: 0.1 s
DONE huss_SPEEDY_2014.nc: 41.1 MB
2014 TOTAL: 1.91 min

======================================================================
YEAR 2015
2015 [1] selected 2920 timesteps
2015 [2] selection done: 0.5 s
2015 [3] starting LOAD...
2015 [3] LOAD done: 1.92 min, 51.3 MB
2015 [4] leap/time processing: 0.0 s
2015: huss min=0.000000, mean=0.007711, max=0.022851
2015 [5] value validation: 0.2 s
2015 [6] starting WRITE...
2015 [6] WRITE done: 0.01 min
2015 [7] VERIFY done: 0.1 s
DONE huss_SPEEDY_2015.nc: 41.0 MB
2015 TOTAL: 1.94 min

======================================================================
YEAR 2016
2016 [1] selected 2920 timesteps
2016 [2] selection done: 0.5 s
2016 [3] starting LOAD...
2016 [3] LOAD done: 0.10 min, 51.3 MB
2016: leap gap found: 2016-02-28T21 -> 2016-03-01T00
2016: inserted 8 records for Feb 29
2016 [4] leap/time processing: 0.4 s
WARNING 2016: negative huss minimum -0.000000
2016: huss min=-0.000000, mean=0.007734, max=0.022537
2016 [5] value validation: 0.1 s
2016 [6] starting WRITE...
2016 [6] WRITE done: 0.01 min
2016 [7] VERIFY done: 0.1 s
DONE huss_SPEEDY_2016.nc: 41.3 MB
2016 TOTAL: 0.12 min

======================================================================
YEAR 2017
2017 [1] selected 2920 timesteps
2017 [2] selection done: 0.6 s
2017 [3] starting LOAD...
2017 [3] LOAD done: 1.90 min, 51.3 MB
2017 [4] leap/time processing: 0.0 s
2017: huss min=0.000000, mean=0.007728, max=0.022178
2017 [5] value validation: 0.1 s
2017 [6] starting WRITE...
2017 [6] WRITE done: 0.01 min
2017 [7] VERIFY done: 0.1 s
DONE huss_SPEEDY_2017.nc: 41.0 MB
2017 TOTAL: 1.92 min

======================================================================
YEAR 2018
2018 [1] selected 2920 timesteps
2018 [2] selection done: 0.5 s
2018 [3] starting LOAD...
2018 [3] LOAD done: 1.91 min, 51.3 MB
2018 [4] leap/time processing: 0.0 s
2018: huss min=0.000000, mean=0.007696, max=0.022568
2018 [5] value validation: 0.1 s
2018 [6] starting WRITE...
2018 [6] WRITE done: 0.01 min
2018 [7] VERIFY done: 0.1 s
DONE huss_SPEEDY_2018.nc: 40.9 MB
2018 TOTAL: 1.93 min

======================================================================
YEAR 2019
2019 [1] selected 2920 timesteps
2019 [2] selection done: 0.6 s
2019 [3] starting LOAD...
2019 [3] LOAD done: 1.84 min, 51.3 MB
2019 [4] leap/time processing: 0.0 s
2019: huss min=0.000000, mean=0.007716, max=0.022767
2019 [5] value validation: 0.1 s
2019 [6] starting WRITE...
2019 [6] WRITE done: 0.01 min
2019 [7] VERIFY done: 0.0 s
DONE huss_SPEEDY_2019.nc: 40.9 MB
2019 TOTAL: 1.86 min

======================================================================
YEAR 2020
2020 [1] selected 2920 timesteps
2020 [2] selection done: 0.6 s
2020 [3] starting LOAD...
2020 [3] LOAD done: 1.90 min, 51.3 MB
2020: leap gap found: 2020-02-28T21 -> 2020-03-01T00
2020: inserted 8 records for Feb 29
2020 [4] leap/time processing: 0.4 s
WARNING 2020: negative huss minimum -0.000000
2020: huss min=-0.000000, mean=0.007703, max=0.021937
2020 [5] value validation: 0.1 s
2020 [6] starting WRITE...
2020 [6] WRITE done: 0.01 min
2020 [7] VERIFY done: 0.1 s
DONE huss_SPEEDY_2020.nc: 41.1 MB
2020 TOTAL: 1.93 min

======================================================================
YEAR 2021
2021 [1] selected 2920 timesteps
2021 [2] selection done: 0.5 s
2021 [3] starting LOAD...
2021 [3] LOAD done: 2.01 min, 51.3 MB
2021 [4] leap/time processing: 0.0 s
2021: huss min=0.000000, mean=0.007727, max=0.022614
2021 [5] value validation: 0.1 s
2021 [6] starting WRITE...
2021 [6] WRITE done: 0.01 min
2021 [7] VERIFY done: 0.0 s
DONE huss_SPEEDY_2021.nc: 40.9 MB
2021 TOTAL: 2.03 min

======================================================================
YEAR 2022
2022 [1] selected 2920 timesteps
2022 [2] selection done: 0.5 s
2022 [3] starting LOAD...
2022 [3] LOAD done: 1.88 min, 51.3 MB
2022 [4] leap/time processing: 0.0 s
2022: huss min=0.000000, mean=0.007702, max=0.022281
2022 [5] value validation: 0.1 s
2022 [6] starting WRITE...
2022 [6] WRITE done: 0.01 min
2022 [7] VERIFY done: 0.1 s
DONE huss_SPEEDY_2022.nc: 41.1 MB
2022 TOTAL: 1.89 min

======================================================================
YEAR 2023
2023 [1] selected 2920 timesteps
2023 [2] selection done: 0.5 s
2023 [3] starting LOAD...
2023 [3] LOAD done: 1.80 min, 51.3 MB
2023 [4] leap/time processing: 0.0 s
2023: huss min=0.000000, mean=0.007709, max=0.022445
2023 [5] value validation: 0.1 s
2023 [6] starting WRITE...
2023 [6] WRITE done: 0.01 min
2023 [7] VERIFY done: 0.1 s
DONE huss_SPEEDY_2023.nc: 40.9 MB
2023 TOTAL: 1.82 min

======================================================================
YEAR 2024
2024 [1] selected 2920 timesteps
2024 [2] selection done: 0.5 s
2024 [3] starting LOAD...
2024 [3] LOAD done: 1.95 min, 51.3 MB
2024: leap gap found: 2024-02-28T21 -> 2024-03-01T00
2024: inserted 8 records for Feb 29
2024 [4] leap/time processing: 0.5 s
WARNING 2024: negative huss minimum -0.000000
2024: huss min=-0.000000, mean=0.007713, max=0.022178
2024 [5] value validation: 0.1 s
2024 [6] starting WRITE...
2024 [6] WRITE done: 0.01 min
2024 [7] VERIFY done: 0.1 s
DONE huss_SPEEDY_2024.nc: 41.2 MB
2024 TOTAL: 1.98 min

======================================================================
YEAR 2025
2025 [1] selected 2920 timesteps
2025 [2] selection done: 0.5 s
2025 [3] starting LOAD...
2025 [3] LOAD done: 1.82 min, 51.3 MB
2025 [4] leap/time processing: 0.0 s
2025: huss min=0.000000, mean=0.007713, max=0.022432
2025 [5] value validation: 0.1 s
2025 [6] starting WRITE...
2025 [6] WRITE done: 0.01 min
2025 [7] VERIFY done: 0.1 s
DONE huss_SPEEDY_2025.nc: 41.1 MB
2025 TOTAL: 1.84 min

ALL YEARS COMPLETED
