
======================================================================
YEAR 1956
1956 [1] selected 2920 timesteps
1956 [2] starting LOAD...
1956 [2] LOAD: 0.19 min
1956: leap gap found: 1956-02-28T21 -> 1956-03-01T00
1956: inserted 8 Feb 29 precipitation intervals
1956 [3] leap/time: 0.2 s
1956: prra min=0.00000000, mean=0.00002396, max=0.00157876
1956: prsn min=0.00000000, mean=0.00000302, max=0.00054428
1956 [4] writing prra...
1956 [4] prra WRITE: 0.01 min
DONE prra_SPEEDY_1956.nc: 25.8 MB
1956 [4] writing prsn...
1956 [4] prsn WRITE: 0.00 min
DONE prsn_SPEEDY_1956.nc: 11.2 MB
1956 TOTAL: 0.24 min

======================================================================
YEAR 1957
1957 [1] selected 2920 timesteps
1957 [2] starting LOAD...
1957 [2] LOAD: 4.51 min
1957 [3] leap/time: 0.0 s
1957: prra min=0.00000000, mean=0.00002395, max=0.00178498
1957: prsn min=0.00000000, mean=0.00000294, max=0.00060378
1957 [4] writing prra...
1957 [4] prra WRITE: 0.01 min
DONE prra_SPEEDY_1957.nc: 25.3 MB
1957 [4] writing prsn...
1957 [4] prsn WRITE: 0.01 min
DONE prsn_SPEEDY_1957.nc: 11.1 MB
1957 TOTAL: 4.60 min

======================================================================
YEAR 1958
1958 [1] selected 2920 timesteps
1958 [2] starting LOAD...
1958 [2] LOAD: 2.42 min
1958 [3] leap/time: 0.0 s
1958: prra min=0.00000000, mean=0.00002373, max=0.00172852
1958: prsn min=0.00000000, mean=0.00000311, max=0.00053629
1958 [4] writing prra...
1958 [4] prra WRITE: 0.01 min
DONE prra_SPEEDY_1958.nc: 25.4 MB
1958 [4] writing prsn...
1958 [4] prsn WRITE: 0.00 min
DONE prsn_SPEEDY_1958.nc: 11.3 MB
1958 TOTAL: 2.45 min

======================================================================
YEAR 1959
1959 [1] selected 2920 timesteps
1959 [2] starting LOAD...
1959 [2] LOAD: 2.16 min
1959 [3] leap/time: 0.0 s
1959: prra min=0.00000000, mean=0.00002365, max=0.00238207
1959: prsn min=0.00000000, mean=0.00000307, max=0.00067742
1959 [4] writing prra...
1959 [4] prra WRITE: 0.01 min
DONE prra_SPEEDY_1959.nc: 25.4 MB
1959 [4] writing prsn...
1959 [4] prsn WRITE: 0.00 min
DONE prsn_SPEEDY_1959.nc: 11.4 MB
1959 TOTAL: 2.20 min

======================================================================
YEAR 1960
1960 [1] selected 2920 timesteps
1960 [2] starting LOAD...
1960 [2] LOAD: 3.51 min
1960: leap gap found: 1960-02-28T21 -> 1960-03-01T00
1960: inserted 8 Feb 29 precipitation intervals
1960 [3] leap/time: 0.2 s
1960: prra min=0.00000000, mean=0.00002370, max=0.00130056
1960: prsn min=0.00000000, mean=0.00000310, max=0.00054866
1960 [4] writing prra...
1960 [4] prra WRITE: 0.01 min
DONE prra_SPEEDY_1960.nc: 25.6 MB
1960 [4] writing prsn...
1960 [4] prsn WRITE: 0.00 min
DONE prsn_SPEEDY_1960.nc: 11.2 MB
1960 TOTAL: 3.55 min

======================================================================
YEAR 1961
1961 [1] selected 2920 timesteps
1961 [2] starting LOAD...
1961 [2] LOAD: 2.09 min
1961 [3] leap/time: 0.0 s
1961: prra min=0.00000000, mean=0.00002394, max=0.00179772
1961: prsn min=0.00000000, mean=0.00000303, max=0.00058921
1961 [4] writing prra...
1961 [4] prra WRITE: 0.01 min
DONE prra_SPEEDY_1961.nc: 25.6 MB
1961 [4] writing prsn...
1961 [4] prsn WRITE: 0.00 min
DONE prsn_SPEEDY_1961.nc: 11.1 MB
1961 TOTAL: 2.13 min

======================================================================
YEAR 1962
1962 [1] selected 2920 timesteps
1962 [2] starting LOAD...
1962 [2] LOAD: 0.20 min
1962 [3] leap/time: 0.0 s
1962: prra min=0.00000000, mean=0.00002386, max=0.00146675
1962: prsn min=0.00000000, mean=0.00000299, max=0.00055426
1962 [4] writing prra...
1962 [4] prra WRITE: 0.01 min
DONE prra_SPEEDY_1962.nc: 25.6 MB
1962 [4] writing prsn...
1962 [4] prsn WRITE: 0.00 min
DONE prsn_SPEEDY_1962.nc: 11.1 MB
1962 TOTAL: 0.24 min

======================================================================
YEAR 1963
1963 [1] selected 2920 timesteps
1963 [2] starting LOAD...
1963 [2] LOAD: 3.02 min
1963 [3] leap/time: 0.0 s
1963: prra min=0.00000000, mean=0.00002396, max=0.00218213
1963: prsn min=0.00000000, mean=0.00000295, max=0.00068467
1963 [4] writing prra...
1963 [4] prra WRITE: 0.01 min
DONE prra_SPEEDY_1963.nc: 25.6 MB
1963 [4] writing prsn...
1963 [4] prsn WRITE: 0.00 min
DONE prsn_SPEEDY_1963.nc: 11.1 MB
1963 TOTAL: 3.06 min

======================================================================
YEAR 1964
1964 [1] selected 2920 timesteps
1964 [2] starting LOAD...
1964 [2] LOAD: 2.08 min
1964: leap gap found: 1964-02-28T21 -> 1964-03-01T00
1964: inserted 8 Feb 29 precipitation intervals
1964 [3] leap/time: 0.2 s
1964: prra min=0.00000000, mean=0.00002400, max=0.00207777
1964: prsn min=0.00000000, mean=0.00000292, max=0.00054257
1964 [4] writing prra...
1964 [4] prra WRITE: 0.01 min
DONE prra_SPEEDY_1964.nc: 25.6 MB
1964 [4] writing prsn...
1964 [4] prsn WRITE: 0.00 min
DONE prsn_SPEEDY_1964.nc: 11.1 MB
1964 TOTAL: 2.12 min

======================================================================
YEAR 1965
1965 [1] selected 2920 timesteps
1965 [2] starting LOAD...
1965 [2] LOAD: 3.17 min
1965 [3] leap/time: 0.0 s
1965: prra min=0.00000000, mean=0.00002396, max=0.00141010
1965: prsn min=0.00000000, mean=0.00000297, max=0.00056168
1965 [4] writing prra...
1965 [4] prra WRITE: 0.01 min
DONE prra_SPEEDY_1965.nc: 25.5 MB
1965 [4] writing prsn...
1965 [4] prsn WRITE: 0.00 min
DONE prsn_SPEEDY_1965.nc: 11.0 MB
1965 TOTAL: 3.21 min

======================================================================
YEAR 1966
1966 [1] selected 2920 timesteps
1966 [2] starting LOAD...
1966 [2] LOAD: 2.03 min
1966 [3] leap/time: 0.0 s
1966: prra min=0.00000000, mean=0.00002381, max=0.00157136
1966: prsn min=0.00000000, mean=0.00000309, max=0.00074376
1966 [4] writing prra...
1966 [4] prra WRITE: 0.01 min
DONE prra_SPEEDY_1966.nc: 25.4 MB
1966 [4] writing prsn...
1966 [4] prsn WRITE: 0.00 min
DONE prsn_SPEEDY_1966.nc: 11.1 MB
1966 TOTAL: 2.07 min

======================================================================
YEAR 1967
1967 [1] selected 2920 timesteps
1967 [2] starting LOAD...
1967 [2] LOAD: 2.95 min
1967 [3] leap/time: 0.0 s
1967: prra min=0.00000000, mean=0.00002408, max=0.00153557
1967: prsn min=0.00000000, mean=0.00000291, max=0.00072349
1967 [4] writing prra...
1967 [4] prra WRITE: 0.01 min
DONE prra_SPEEDY_1967.nc: 25.2 MB
1967 [4] writing prsn...
1967 [4] prsn WRITE: 0.00 min
DONE prsn_SPEEDY_1967.nc: 10.9 MB
1967 TOTAL: 2.99 min

======================================================================
YEAR 1968
1968 [1] selected 2920 timesteps
1968 [2] starting LOAD...
1968 [2] LOAD: 0.22 min
1968: leap gap found: 1968-02-28T21 -> 1968-03-01T00
1968: inserted 8 Feb 29 precipitation intervals
1968 [3] leap/time: 0.2 s
1968: prra min=0.00000000, mean=0.00002393, max=0.00149069
1968: prsn min=0.00000000, mean=0.00000301, max=0.00064280
1968 [4] writing prra...
1968 [4] prra WRITE: 0.01 min
DONE prra_SPEEDY_1968.nc: 25.7 MB
1968 [4] writing prsn...
1968 [4] prsn WRITE: 0.00 min
DONE prsn_SPEEDY_1968.nc: 11.1 MB
1968 TOTAL: 0.26 min

======================================================================
YEAR 1969
1969 [1] selected 2920 timesteps
1969 [2] starting LOAD...
1969 [2] LOAD: 14.00 min
1969 [3] leap/time: 0.0 s
1969: prra min=0.00000000, mean=0.00002378, max=0.00139055
1969: prsn min=0.00000000, mean=0.00000301, max=0.00061308
1969 [4] writing prra...
1969 [4] prra WRITE: 0.01 min
DONE prra_SPEEDY_1969.nc: 25.5 MB
1969 [4] writing prsn...
1969 [4] prsn WRITE: 0.00 min
DONE prsn_SPEEDY_1969.nc: 11.1 MB
1969 TOTAL: 14.04 min

======================================================================
YEAR 1970
1970 [1] selected 2920 timesteps
1970 [2] starting LOAD...
1970 [2] LOAD: 0.22 min
1970 [3] leap/time: 0.0 s
1970: prra min=0.00000000, mean=0.00002389, max=0.00172478
1970: prsn min=0.00000000, mean=0.00000315, max=0.00064026
1970 [4] writing prra...
1970 [4] prra WRITE: 0.01 min
DONE prra_SPEEDY_1970.nc: 25.4 MB
1970 [4] writing prsn...
1970 [4] prsn WRITE: 0.00 min
DONE prsn_SPEEDY_1970.nc: 11.2 MB
1970 TOTAL: 0.27 min

======================================================================
YEAR 1971
1971 [1] selected 2920 timesteps
1971 [2] starting LOAD...
1971 [2] LOAD: 43.88 min
1971 [3] leap/time: 0.0 s
1971: prra min=0.00000000, mean=0.00002423, max=0.00174739
1971: prsn min=0.00000000, mean=0.00000297, max=0.00058568
1971 [4] writing prra...
1971 [4] prra WRITE: 0.07 min
DONE prra_SPEEDY_1971.nc: 25.2 MB
1971 [4] writing prsn...
1971 [4] prsn WRITE: 0.10 min
DONE prsn_SPEEDY_1971.nc: 11.0 MB
1971 TOTAL: 44.10 min

======================================================================
YEAR 1972
1972 [1] selected 2920 timesteps
1972 [2] starting LOAD...
1972 [2] LOAD: 0.47 min
1972: leap gap found: 1972-02-28T21 -> 1972-03-01T00
1972: inserted 8 Feb 29 precipitation intervals
1972 [3] leap/time: 0.2 s
1972: prra min=0.00000000, mean=0.00002405, max=0.00179589
1972: prsn min=0.00000000, mean=0.00000314, max=0.00058590
1972 [4] writing prra...
1972 [4] prra WRITE: 0.01 min
DONE prra_SPEEDY_1972.nc: 25.4 MB
1972 [4] writing prsn...
1972 [4] prsn WRITE: 0.00 min
DONE prsn_SPEEDY_1972.nc: 11.3 MB
1972 TOTAL: 0.67 min

======================================================================
YEAR 1973
1973 [1] selected 2920 timesteps
1973 [2] starting LOAD...
1973 [2] LOAD: 14.75 min
1973 [3] leap/time: 0.3 s
1973: prra min=0.00000000, mean=0.00002397, max=0.00170919
1973: prsn min=0.00000000, mean=0.00000311, max=0.00073056
1973 [4] writing prra...
1973 [4] prra WRITE: 0.21 min
DONE prra_SPEEDY_1973.nc: 25.4 MB
1973 [4] writing prsn...
1973 [4] prsn WRITE: 0.04 min
DONE prsn_SPEEDY_1973.nc: 11.2 MB
1973 TOTAL: 15.07 min

======================================================================
YEAR 1974
1974 [1] selected 2920 timesteps
1974 [2] starting LOAD...
1974 [2] LOAD: 55.93 min
1974 [3] leap/time: 0.1 s
1974: prra min=0.00000000, mean=0.00002413, max=0.00142695
1974: prsn min=0.00000000, mean=0.00000304, max=0.00056336
1974 [4] writing prra...
1974 [4] prra WRITE: 0.15 min
DONE prra_SPEEDY_1974.nc: 25.3 MB
1974 [4] writing prsn...
1974 [4] prsn WRITE: 0.06 min
DONE prsn_SPEEDY_1974.nc: 11.0 MB
1974 TOTAL: 56.70 min

======================================================================
YEAR 1975
1975 [1] selected 2920 timesteps
1975 [2] starting LOAD...
1975 [2] LOAD: 28.13 min
1975 [3] leap/time: 0.0 s
1975: prra min=0.00000000, mean=0.00002398, max=0.00176705
1975: prsn min=0.00000000, mean=0.00000301, max=0.00073145
1975 [4] writing prra...
1975 [4] prra WRITE: 0.30 min
DONE prra_SPEEDY_1975.nc: 25.2 MB
1975 [4] writing prsn...
1975 [4] prsn WRITE: 0.14 min
DONE prsn_SPEEDY_1975.nc: 11.1 MB
1975 TOTAL: 28.80 min

======================================================================
YEAR 1976
1976 [1] selected 2920 timesteps
1976 [2] starting LOAD...
1976 [2] LOAD: 13.58 min
1976: leap gap found: 1976-02-28T21 -> 1976-03-01T00
1976: inserted 8 Feb 29 precipitation intervals
1976 [3] leap/time: 0.3 s
1976: prra min=0.00000000, mean=0.00002398, max=0.00147555
1976: prsn min=0.00000000, mean=0.00000297, max=0.00064482
1976 [4] writing prra...
1976 [4] prra WRITE: 0.01 min
DONE prra_SPEEDY_1976.nc: 25.3 MB
1976 [4] writing prsn...
1976 [4] prsn WRITE: 0.03 min
DONE prsn_SPEEDY_1976.nc: 11.0 MB
1976 TOTAL: 13.91 min

======================================================================
YEAR 1977
1977 [1] selected 2920 timesteps
1977 [2] starting LOAD...
1977 [2] LOAD: 17.67 min
1977 [3] leap/time: 0.0 s
1977: prra min=0.00000000, mean=0.00002403, max=0.00168952
1977: prsn min=0.00000000, mean=0.00000304, max=0.00062882
1977 [4] writing prra...
1977 [4] prra WRITE: 0.16 min
DONE prra_SPEEDY_1977.nc: 25.6 MB
1977 [4] writing prsn...
1977 [4] prsn WRITE: 0.05 min
DONE prsn_SPEEDY_1977.nc: 11.0 MB
1977 TOTAL: 18.21 min

======================================================================
YEAR 1978
1978 [1] selected 2920 timesteps
1978 [2] starting LOAD...
1978 [2] LOAD: 16.06 min
1978 [3] leap/time: 0.0 s
1978: prra min=0.00000000, mean=0.00002409, max=0.00220853
1978: prsn min=0.00000000, mean=0.00000302, max=0.00059374
1978 [4] writing prra...
1978 [4] prra WRITE: 0.01 min
DONE prra_SPEEDY_1978.nc: 25.4 MB
1978 [4] writing prsn...
1978 [4] prsn WRITE: 0.22 min
DONE prsn_SPEEDY_1978.nc: 10.9 MB
1978 TOTAL: 16.46 min

======================================================================
YEAR 1979
1979 [1] selected 2920 timesteps
1979 [2] starting LOAD...
1979 [2] LOAD: 24.26 min
1979 [3] leap/time: 0.0 s
1979: prra min=0.00000000, mean=0.00002405, max=0.00132305
1979: prsn min=0.00000000, mean=0.00000308, max=0.00061230
1979 [4] writing prra...
1979 [4] prra WRITE: 0.01 min
DONE prra_SPEEDY_1979.nc: 25.4 MB
1979 [4] writing prsn...
1979 [4] prsn WRITE: 0.01 min
DONE prsn_SPEEDY_1979.nc: 11.1 MB
1979 TOTAL: 24.53 min

======================================================================
YEAR 1980
1980 [1] selected 2920 timesteps
1980 [2] starting LOAD...
1980 [2] LOAD: 31.04 min
1980: leap gap found: 1980-02-28T21 -> 1980-03-01T00
1980: inserted 8 Feb 29 precipitation intervals
1980 [3] leap/time: 0.3 s
1980: prra min=0.00000000, mean=0.00002401, max=0.00166863
1980: prsn min=0.00000000, mean=0.00000308, max=0.00069026
1980 [4] writing prra...
1980 [4] prra WRITE: 0.01 min
DONE prra_SPEEDY_1980.nc: 25.4 MB
1980 [4] writing prsn...
1980 [4] prsn WRITE: 0.01 min
DONE prsn_SPEEDY_1980.nc: 11.2 MB
1980 TOTAL: 31.13 min

======================================================================
YEAR 1981
1981 [1] selected 2920 timesteps
1981 [2] starting LOAD...
