
======================================================================
YEAR 1958
1958 [1] selected 2920 timesteps
1958 [2] starting LOAD...
1958 [2] LOAD: 2.65 min
1958 [3] leap/time: 0.0 s
1958: prra min=0.00000000, mean=0.00002391, max=0.00152031
1958: prsn min=0.00000000, mean=0.00000291, max=0.00053735
1958 [4] writing prra...
1958 [4] prra WRITE: 0.01 min
DONE prra_SPEEDY_1958.nc: 25.5 MB
1958 [4] writing prsn...
1958 [4] prsn WRITE: 0.01 min
DONE prsn_SPEEDY_1958.nc: 10.9 MB
1958 TOTAL: 2.71 min

======================================================================
YEAR 1959
1959 [1] selected 2920 timesteps
1959 [2] starting LOAD...
1959 [2] LOAD: 4.03 min
1959 [3] leap/time: 0.0 s
1959: prra min=0.00000000, mean=0.00002387, max=0.00168361
1959: prsn min=0.00000000, mean=0.00000308, max=0.00059894
1959 [4] writing prra...
1959 [4] prra WRITE: 0.01 min
DONE prra_SPEEDY_1959.nc: 25.5 MB
1959 [4] writing prsn...
1959 [4] prsn WRITE: 0.00 min
DONE prsn_SPEEDY_1959.nc: 11.1 MB
1959 TOTAL: 4.08 min

======================================================================
YEAR 1960
1960 [1] selected 2920 timesteps
1960 [2] starting LOAD...
1960 [2] LOAD: 4.01 min
1960: leap gap found: 1960-02-28T21 -> 1960-03-01T00
1960: inserted 8 Feb 29 precipitation intervals
1960 [3] leap/time: 0.2 s
1960: prra min=0.00000000, mean=0.00002385, max=0.00204791
1960: prsn min=0.00000000, mean=0.00000312, max=0.00055469
1960 [4] writing prra...
1960 [4] prra WRITE: 0.01 min
DONE prra_SPEEDY_1960.nc: 25.7 MB
1960 [4] writing prsn...
1960 [4] prsn WRITE: 0.00 min
DONE prsn_SPEEDY_1960.nc: 11.3 MB
1960 TOTAL: 4.06 min

======================================================================
YEAR 1961
1961 [1] selected 2920 timesteps
1961 [2] starting LOAD...
1961 [2] LOAD: 3.85 min
1961 [3] leap/time: 0.0 s
1961: prra min=0.00000000, mean=0.00002388, max=0.00183803
1961: prsn min=0.00000000, mean=0.00000310, max=0.00134248
1961 [4] writing prra...
1961 [4] prra WRITE: 0.01 min
DONE prra_SPEEDY_1961.nc: 25.6 MB
1961 [4] writing prsn...
1961 [4] prsn WRITE: 0.00 min
DONE prsn_SPEEDY_1961.nc: 11.1 MB
1961 TOTAL: 3.90 min

======================================================================
YEAR 1962
1962 [1] selected 2920 timesteps
1962 [2] starting LOAD...
1962 [2] LOAD: 5.94 min
1962 [3] leap/time: 0.0 s
1962: prra min=0.00000000, mean=0.00002391, max=0.00193002
1962: prsn min=0.00000000, mean=0.00000300, max=0.00083176
1962 [4] writing prra...
1962 [4] prra WRITE: 0.01 min
DONE prra_SPEEDY_1962.nc: 25.6 MB
1962 [4] writing prsn...
1962 [4] prsn WRITE: 0.01 min
DONE prsn_SPEEDY_1962.nc: 11.1 MB
1962 TOTAL: 5.99 min

======================================================================
YEAR 1963
1963 [1] selected 2920 timesteps
1963 [2] starting LOAD...
1963 [2] LOAD: 2.86 min
1963 [3] leap/time: 0.0 s
1963: prra min=0.00000000, mean=0.00002394, max=0.00190916
1963: prsn min=0.00000000, mean=0.00000303, max=0.00051721
1963 [4] writing prra...
1963 [4] prra WRITE: 0.01 min
DONE prra_SPEEDY_1963.nc: 25.4 MB
1963 [4] writing prsn...
1963 [4] prsn WRITE: 0.00 min
DONE prsn_SPEEDY_1963.nc: 11.1 MB
1963 TOTAL: 2.91 min

======================================================================
YEAR 1964
1964 [1] selected 2920 timesteps
1964 [2] starting LOAD...
1964 [2] LOAD: 4.53 min
1964: leap gap found: 1964-02-28T21 -> 1964-03-01T00
1964: inserted 8 Feb 29 precipitation intervals
1964 [3] leap/time: 0.2 s
1964: prra min=0.00000000, mean=0.00002380, max=0.00246744
1964: prsn min=0.00000000, mean=0.00000300, max=0.00062645
1964 [4] writing prra...
1964 [4] prra WRITE: 0.01 min
DONE prra_SPEEDY_1964.nc: 25.6 MB
1964 [4] writing prsn...
1964 [4] prsn WRITE: 0.00 min
DONE prsn_SPEEDY_1964.nc: 11.1 MB
1964 TOTAL: 4.59 min

======================================================================
YEAR 1965
1965 [1] selected 2920 timesteps
1965 [2] starting LOAD...
1965 [2] LOAD: 2.05 min
1965 [3] leap/time: 0.0 s
1965: prra min=0.00000000, mean=0.00002382, max=0.00128891
1965: prsn min=0.00000000, mean=0.00000290, max=0.00059437
1965 [4] writing prra...
1965 [4] prra WRITE: 0.01 min
DONE prra_SPEEDY_1965.nc: 25.5 MB
1965 [4] writing prsn...
1965 [4] prsn WRITE: 0.00 min
DONE prsn_SPEEDY_1965.nc: 11.1 MB
1965 TOTAL: 2.10 min

======================================================================
YEAR 1966
1966 [1] selected 2920 timesteps
1966 [2] starting LOAD...
1966 [2] LOAD: 3.60 min
1966 [3] leap/time: 0.0 s
1966: prra min=0.00000000, mean=0.00002390, max=0.00122317
1966: prsn min=0.00000000, mean=0.00000295, max=0.00063056
1966 [4] writing prra...
1966 [4] prra WRITE: 0.01 min
DONE prra_SPEEDY_1966.nc: 25.5 MB
1966 [4] writing prsn...
1966 [4] prsn WRITE: 0.00 min
DONE prsn_SPEEDY_1966.nc: 11.0 MB
1966 TOTAL: 3.65 min

======================================================================
YEAR 1967
1967 [1] selected 2920 timesteps
1967 [2] starting LOAD...
1967 [2] LOAD: 3.55 min
1967 [3] leap/time: 0.0 s
1967: prra min=0.00000000, mean=0.00002386, max=0.00125904
1967: prsn min=0.00000000, mean=0.00000298, max=0.00057795
1967 [4] writing prra...
1967 [4] prra WRITE: 0.01 min
DONE prra_SPEEDY_1967.nc: 25.7 MB
1967 [4] writing prsn...
1967 [4] prsn WRITE: 0.01 min
DONE prsn_SPEEDY_1967.nc: 11.0 MB
1967 TOTAL: 3.61 min

======================================================================
YEAR 1968
1968 [1] selected 2920 timesteps
1968 [2] starting LOAD...
1968 [2] LOAD: 4.85 min
1968: leap gap found: 1968-02-28T21 -> 1968-03-01T00
1968: inserted 8 Feb 29 precipitation intervals
1968 [3] leap/time: 0.2 s
1968: prra min=0.00000000, mean=0.00002382, max=0.00151244
1968: prsn min=0.00000000, mean=0.00000299, max=0.00077160
1968 [4] writing prra...
1968 [4] prra WRITE: 0.01 min
DONE prra_SPEEDY_1968.nc: 25.6 MB
1968 [4] writing prsn...
1968 [4] prsn WRITE: 0.00 min
DONE prsn_SPEEDY_1968.nc: 11.2 MB
1968 TOTAL: 4.90 min

======================================================================
YEAR 1969
1969 [1] selected 2920 timesteps
1969 [2] starting LOAD...
1969 [2] LOAD: 2.99 min
1969 [3] leap/time: 0.0 s
1969: prra min=0.00000000, mean=0.00002409, max=0.00145933
1969: prsn min=0.00000000, mean=0.00000297, max=0.00064223
1969 [4] writing prra...
1969 [4] prra WRITE: 0.01 min
DONE prra_SPEEDY_1969.nc: 25.5 MB
1969 [4] writing prsn...
1969 [4] prsn WRITE: 0.01 min
DONE prsn_SPEEDY_1969.nc: 11.0 MB
1969 TOTAL: 3.04 min

======================================================================
YEAR 1970
1970 [1] selected 2920 timesteps
1970 [2] starting LOAD...
1970 [2] LOAD: 3.72 min
1970 [3] leap/time: 0.0 s
1970: prra min=0.00000000, mean=0.00002392, max=0.00161272
1970: prsn min=0.00000000, mean=0.00000297, max=0.00060983
1970 [4] writing prra...
1970 [4] prra WRITE: 0.01 min
DONE prra_SPEEDY_1970.nc: 25.5 MB
1970 [4] writing prsn...
1970 [4] prsn WRITE: 0.01 min
DONE prsn_SPEEDY_1970.nc: 11.0 MB
1970 TOTAL: 3.78 min

======================================================================
YEAR 1971
1971 [1] selected 2920 timesteps
1971 [2] starting LOAD...
1971 [2] LOAD: 3.51 min
1971 [3] leap/time: 0.0 s
1971: prra min=0.00000000, mean=0.00002369, max=0.00133785
1971: prsn min=0.00000000, mean=0.00000302, max=0.00054818
1971 [4] writing prra...
1971 [4] prra WRITE: 0.01 min
DONE prra_SPEEDY_1971.nc: 25.8 MB
1971 [4] writing prsn...
1971 [4] prsn WRITE: 0.00 min
DONE prsn_SPEEDY_1971.nc: 11.1 MB
1971 TOTAL: 3.56 min

======================================================================
YEAR 1972
1972 [1] selected 2920 timesteps
1972 [2] starting LOAD...
1972 [2] LOAD: 2.35 min
1972: leap gap found: 1972-02-28T21 -> 1972-03-01T00
1972: inserted 8 Feb 29 precipitation intervals
1972 [3] leap/time: 0.2 s
1972: prra min=0.00000000, mean=0.00002403, max=0.00177647
1972: prsn min=0.00000000, mean=0.00000293, max=0.00067414
1972 [4] writing prra...
1972 [4] prra WRITE: 0.01 min
DONE prra_SPEEDY_1972.nc: 25.6 MB
1972 [4] writing prsn...
1972 [4] prsn WRITE: 0.00 min
DONE prsn_SPEEDY_1972.nc: 10.9 MB
1972 TOTAL: 2.40 min

======================================================================
YEAR 1973
1973 [1] selected 2920 timesteps
1973 [2] starting LOAD...
1973 [2] LOAD: 5.43 min
1973 [3] leap/time: 0.0 s
1973: prra min=0.00000000, mean=0.00002389, max=0.00147028
1973: prsn min=0.00000000, mean=0.00000309, max=0.00069773
1973 [4] writing prra...
1973 [4] prra WRITE: 0.01 min
DONE prra_SPEEDY_1973.nc: 25.6 MB
1973 [4] writing prsn...
1973 [4] prsn WRITE: 0.00 min
DONE prsn_SPEEDY_1973.nc: 11.2 MB
1973 TOTAL: 5.49 min

======================================================================
YEAR 1974
1974 [1] selected 2920 timesteps
1974 [2] starting LOAD...
1974 [2] LOAD: 2.99 min
1974 [3] leap/time: 0.0 s
1974: prra min=0.00000000, mean=0.00002380, max=0.00128498
1974: prsn min=0.00000000, mean=0.00000298, max=0.00057861
1974 [4] writing prra...
1974 [4] prra WRITE: 0.01 min
DONE prra_SPEEDY_1974.nc: 25.8 MB
1974 [4] writing prsn...
1974 [4] prsn WRITE: 0.01 min
DONE prsn_SPEEDY_1974.nc: 11.0 MB
1974 TOTAL: 3.05 min

======================================================================
YEAR 1975
1975 [1] selected 2920 timesteps
1975 [2] starting LOAD...
1975 [2] LOAD: 3.64 min
1975 [3] leap/time: 0.0 s
1975: prra min=0.00000000, mean=0.00002374, max=0.00174789
1975: prsn min=0.00000000, mean=0.00000288, max=0.00055518
1975 [4] writing prra...
1975 [4] prra WRITE: 0.01 min
DONE prra_SPEEDY_1975.nc: 25.6 MB
1975 [4] writing prsn...
1975 [4] prsn WRITE: 0.00 min
DONE prsn_SPEEDY_1975.nc: 11.0 MB
1975 TOTAL: 3.69 min

======================================================================
YEAR 1976
1976 [1] selected 2920 timesteps
1976 [2] starting LOAD...
1976 [2] LOAD: 3.77 min
1976: leap gap found: 1976-02-28T21 -> 1976-03-01T00
1976: inserted 8 Feb 29 precipitation intervals
1976 [3] leap/time: 0.2 s
1976: prra min=0.00000000, mean=0.00002386, max=0.00179646
1976: prsn min=0.00000000, mean=0.00000296, max=0.00087106
1976 [4] writing prra...
1976 [4] prra WRITE: 0.01 min
DONE prra_SPEEDY_1976.nc: 25.9 MB
1976 [4] writing prsn...
1976 [4] prsn WRITE: 0.01 min
DONE prsn_SPEEDY_1976.nc: 11.0 MB
1976 TOTAL: 3.83 min

======================================================================
YEAR 1977
1977 [1] selected 2920 timesteps
1977 [2] starting LOAD...
1977 [2] LOAD: 2.99 min
1977 [3] leap/time: 0.0 s
1977: prra min=0.00000000, mean=0.00002400, max=0.00181699
1977: prsn min=0.00000000, mean=0.00000289, max=0.00066474
1977 [4] writing prra...
1977 [4] prra WRITE: 0.01 min
DONE prra_SPEEDY_1977.nc: 25.7 MB
1977 [4] writing prsn...
1977 [4] prsn WRITE: 0.00 min
DONE prsn_SPEEDY_1977.nc: 10.9 MB
1977 TOTAL: 3.05 min

======================================================================
YEAR 1978
1978 [1] selected 2920 timesteps
1978 [2] starting LOAD...
1978 [2] LOAD: 4.04 min
1978 [3] leap/time: 0.0 s
1978: prra min=0.00000000, mean=0.00002395, max=0.00182701
1978: prsn min=0.00000000, mean=0.00000293, max=0.00058637
1978 [4] writing prra...
1978 [4] prra WRITE: 0.01 min
DONE prra_SPEEDY_1978.nc: 25.6 MB
1978 [4] writing prsn...
1978 [4] prsn WRITE: 0.00 min
DONE prsn_SPEEDY_1978.nc: 10.8 MB
1978 TOTAL: 4.09 min

======================================================================
YEAR 1979
1979 [1] selected 2920 timesteps
1979 [2] starting LOAD...
1979 [2] LOAD: 3.77 min
1979 [3] leap/time: 0.0 s
1979: prra min=0.00000000, mean=0.00002401, max=0.00118566
1979: prsn min=0.00000000, mean=0.00000291, max=0.00064281
1979 [4] writing prra...
1979 [4] prra WRITE: 0.01 min
DONE prra_SPEEDY_1979.nc: 25.8 MB
1979 [4] writing prsn...
1979 [4] prsn WRITE: 0.01 min
DONE prsn_SPEEDY_1979.nc: 10.8 MB
1979 TOTAL: 3.82 min

======================================================================
YEAR 1980
1980 [1] selected 2920 timesteps
1980 [2] starting LOAD...
1980 [2] LOAD: 3.14 min
1980: leap gap found: 1980-02-28T21 -> 1980-03-01T00
1980: inserted 8 Feb 29 precipitation intervals
1980 [3] leap/time: 0.3 s
1980: prra min=0.00000000, mean=0.00002406, max=0.00137121
1980: prsn min=0.00000000, mean=0.00000295, max=0.00066470
1980 [4] writing prra...
1980 [4] prra WRITE: 0.01 min
DONE prra_SPEEDY_1980.nc: 25.8 MB
1980 [4] writing prsn...
1980 [4] prsn WRITE: 0.01 min
DONE prsn_SPEEDY_1980.nc: 11.0 MB
1980 TOTAL: 3.20 min

======================================================================
YEAR 1981
1981 [1] selected 2920 timesteps
1981 [2] starting LOAD...
1981 [2] LOAD: 3.95 min
1981 [3] leap/time: 0.0 s
1981: prra min=0.00000000, mean=0.00002399, max=0.00165792
1981: prsn min=0.00000000, mean=0.00000294, max=0.00056795
1981 [4] writing prra...
1981 [4] prra WRITE: 0.01 min
DONE prra_SPEEDY_1981.nc: 25.7 MB
1981 [4] writing prsn...
1981 [4] prsn WRITE: 0.00 min
DONE prsn_SPEEDY_1981.nc: 11.0 MB
1981 TOTAL: 4.00 min

======================================================================
YEAR 1982
1982 [1] selected 2920 timesteps
1982 [2] starting LOAD...
1982 [2] LOAD: 4.48 min
1982 [3] leap/time: 0.0 s
1982: prra min=0.00000000, mean=0.00002392, max=0.00205923
1982: prsn min=0.00000000, mean=0.00000299, max=0.00081508
1982 [4] writing prra...
1982 [4] prra WRITE: 0.01 min
DONE prra_SPEEDY_1982.nc: 25.6 MB
1982 [4] writing prsn...
1982 [4] prsn WRITE: 0.00 min
DONE prsn_SPEEDY_1982.nc: 10.9 MB
1982 TOTAL: 4.53 min

======================================================================
YEAR 1983
1983 [1] selected 2920 timesteps
1983 [2] starting LOAD...
1983 [2] LOAD: 3.63 min
1983 [3] leap/time: 0.0 s
1983: prra min=0.00000000, mean=0.00002409, max=0.00184497
1983: prsn min=0.00000000, mean=0.00000303, max=0.00069602
1983 [4] writing prra...
1983 [4] prra WRITE: 0.01 min
DONE prra_SPEEDY_1983.nc: 25.5 MB
1983 [4] writing prsn...
1983 [4] prsn WRITE: 0.01 min
DONE prsn_SPEEDY_1983.nc: 11.0 MB
1983 TOTAL: 3.68 min

======================================================================
YEAR 1984
1984 [1] selected 2920 timesteps
1984 [2] starting LOAD...
1984 [2] LOAD: 2.16 min
1984: leap gap found: 1984-02-28T21 -> 1984-03-01T00
1984: inserted 8 Feb 29 precipitation intervals
1984 [3] leap/time: 0.2 s
1984: prra min=0.00000000, mean=0.00002397, max=0.00155166
1984: prsn min=0.00000000, mean=0.00000301, max=0.00059524
1984 [4] writing prra...
1984 [4] prra WRITE: 0.01 min
DONE prra_SPEEDY_1984.nc: 25.7 MB
1984 [4] writing prsn...
1984 [4] prsn WRITE: 0.00 min
DONE prsn_SPEEDY_1984.nc: 11.0 MB
1984 TOTAL: 2.21 min

======================================================================
YEAR 1985
1985 [1] selected 2920 timesteps
1985 [2] starting LOAD...
1985 [2] LOAD: 3.01 min
1985 [3] leap/time: 0.0 s
1985: prra min=0.00000000, mean=0.00002388, max=0.00150751
1985: prsn min=0.00000000, mean=0.00000299, max=0.00056039
1985 [4] writing prra...
1985 [4] prra WRITE: 0.01 min
DONE prra_SPEEDY_1985.nc: 25.8 MB
1985 [4] writing prsn...
1985 [4] prsn WRITE: 0.01 min
DONE prsn_SPEEDY_1985.nc: 11.1 MB
1985 TOTAL: 3.06 min

======================================================================
YEAR 1986
1986 [1] selected 2920 timesteps
1986 [2] starting LOAD...
1986 [2] LOAD: 2.31 min
1986 [3] leap/time: 0.0 s
1986: prra min=0.00000000, mean=0.00002395, max=0.00194182
1986: prsn min=0.00000000, mean=0.00000292, max=0.00057226
1986 [4] writing prra...
1986 [4] prra WRITE: 0.01 min
DONE prra_SPEEDY_1986.nc: 25.6 MB
1986 [4] writing prsn...
1986 [4] prsn WRITE: 0.00 min
DONE prsn_SPEEDY_1986.nc: 11.0 MB
1986 TOTAL: 2.36 min

======================================================================
YEAR 1987
1987 [1] selected 2920 timesteps
1987 [2] starting LOAD...
1987 [2] LOAD: 3.23 min
1987 [3] leap/time: 0.0 s
1987: prra min=0.00000000, mean=0.00002421, max=0.00271772
1987: prsn min=0.00000000, mean=0.00000298, max=0.00074165
1987 [4] writing prra...
1987 [4] prra WRITE: 0.01 min
DONE prra_SPEEDY_1987.nc: 25.5 MB
1987 [4] writing prsn...
1987 [4] prsn WRITE: 0.00 min
DONE prsn_SPEEDY_1987.nc: 10.8 MB
1987 TOTAL: 3.28 min

======================================================================
YEAR 1988
1988 [1] selected 2920 timesteps
1988 [2] starting LOAD...
1988 [2] LOAD: 5.26 min
1988: leap gap found: 1988-02-28T21 -> 1988-03-01T00
1988: inserted 8 Feb 29 precipitation intervals
1988 [3] leap/time: 0.2 s
1988: prra min=0.00000000, mean=0.00002412, max=0.00172040
1988: prsn min=0.00000000, mean=0.00000299, max=0.00069009
1988 [4] writing prra...
1988 [4] prra WRITE: 0.01 min
DONE prra_SPEEDY_1988.nc: 25.7 MB
1988 [4] writing prsn...
1988 [4] prsn WRITE: 0.01 min
DONE prsn_SPEEDY_1988.nc: 11.1 MB
1988 TOTAL: 5.32 min

======================================================================
YEAR 1989
1989 [1] selected 2920 timesteps
1989 [2] starting LOAD...
