
======================================================================
YEAR 2013
2013 [1] selected 2920 timesteps
2013 [2] starting LOAD...
2013 [2] LOAD: 3.52 min
2013 [3] leap/time: 0.0 s
2013: prra min=0.00000000, mean=0.00002434, max=0.00157827
2013: prsn min=0.00000000, mean=0.00000316, max=0.00071357
2013 [4] writing prra...
2013 [4] prra WRITE: 0.01 min
DONE prra_SPEEDY_2013.nc: 25.2 MB
2013 [4] writing prsn...
2013 [4] prsn WRITE: 0.00 min
DONE prsn_SPEEDY_2013.nc: 11.0 MB
2013 TOTAL: 3.57 min

======================================================================
YEAR 2014
2014 [1] selected 2920 timesteps
2014 [2] starting LOAD...
2014 [2] LOAD: 4.09 min
2014 [3] leap/time: 0.0 s
2014: prra min=0.00000000, mean=0.00002433, max=0.00186153
2014: prsn min=0.00000000, mean=0.00000313, max=0.00070098
2014 [4] writing prra...
2014 [4] prra WRITE: 0.01 min
DONE prra_SPEEDY_2014.nc: 25.3 MB
2014 [4] writing prsn...
2014 [4] prsn WRITE: 0.00 min
DONE prsn_SPEEDY_2014.nc: 11.0 MB
2014 TOTAL: 4.14 min

======================================================================
YEAR 2015
2015 [1] selected 2920 timesteps
2015 [2] starting LOAD...
2015 [2] LOAD: 3.79 min
2015 [3] leap/time: 0.0 s
2015: prra min=0.00000000, mean=0.00002431, max=0.00158399
2015: prsn min=0.00000000, mean=0.00000319, max=0.00063878
2015 [4] writing prra...
2015 [4] prra WRITE: 0.01 min
DONE prra_SPEEDY_2015.nc: 25.2 MB
2015 [4] writing prsn...
2015 [4] prsn WRITE: 0.00 min
DONE prsn_SPEEDY_2015.nc: 11.1 MB
2015 TOTAL: 3.83 min

======================================================================
YEAR 2016
2016 [1] selected 2920 timesteps
2016 [2] starting LOAD...
2016 [2] LOAD: 0.24 min
2016: leap gap found: 2016-02-28T21 -> 2016-03-01T00
2016: inserted 8 Feb 29 precipitation intervals
2016 [3] leap/time: 0.3 s
2016: prra min=0.00000000, mean=0.00002436, max=0.00241017
2016: prsn min=0.00000000, mean=0.00000324, max=0.00062111
2016 [4] writing prra...
2016 [4] prra WRITE: 0.01 min
DONE prra_SPEEDY_2016.nc: 25.4 MB
2016 [4] writing prsn...
2016 [4] prsn WRITE: 0.00 min
DONE prsn_SPEEDY_2016.nc: 11.0 MB
2016 TOTAL: 0.29 min

======================================================================
YEAR 2017
2017 [1] selected 2920 timesteps
2017 [2] starting LOAD...
2017 [2] LOAD: 3.78 min
2017 [3] leap/time: 0.0 s
2017: prra min=0.00000000, mean=0.00002429, max=0.00232413
2017: prsn min=0.00000000, mean=0.00000313, max=0.00058542
2017 [4] writing prra...
2017 [4] prra WRITE: 0.01 min
DONE prra_SPEEDY_2017.nc: 25.4 MB
2017 [4] writing prsn...
2017 [4] prsn WRITE: 0.00 min
DONE prsn_SPEEDY_2017.nc: 10.9 MB
2017 TOTAL: 3.83 min

======================================================================
YEAR 2018
2018 [1] selected 2920 timesteps
2018 [2] starting LOAD...
2018 [2] LOAD: 3.81 min
2018 [3] leap/time: 0.0 s
2018: prra min=0.00000000, mean=0.00002422, max=0.00149786
2018: prsn min=0.00000000, mean=0.00000311, max=0.00066964
2018 [4] writing prra...
2018 [4] prra WRITE: 0.01 min
DONE prra_SPEEDY_2018.nc: 25.3 MB
2018 [4] writing prsn...
2018 [4] prsn WRITE: 0.00 min
DONE prsn_SPEEDY_2018.nc: 10.9 MB
2018 TOTAL: 3.86 min

======================================================================
YEAR 2019
2019 [1] selected 2920 timesteps
2019 [2] starting LOAD...
2019 [2] LOAD: 3.90 min
2019 [3] leap/time: 0.0 s
2019: prra min=0.00000000, mean=0.00002424, max=0.00163429
2019: prsn min=0.00000000, mean=0.00000312, max=0.00054971
2019 [4] writing prra...
2019 [4] prra WRITE: 0.01 min
DONE prra_SPEEDY_2019.nc: 25.3 MB
2019 [4] writing prsn...
2019 [4] prsn WRITE: 0.00 min
DONE prsn_SPEEDY_2019.nc: 11.0 MB
2019 TOTAL: 3.95 min

======================================================================
YEAR 2020
2020 [1] selected 2920 timesteps
2020 [2] starting LOAD...
2020 [2] LOAD: 3.92 min
2020: leap gap found: 2020-02-28T21 -> 2020-03-01T00
2020: inserted 8 Feb 29 precipitation intervals
2020 [3] leap/time: 0.2 s
2020: prra min=0.00000000, mean=0.00002415, max=0.00188767
2020: prsn min=0.00000000, mean=0.00000330, max=0.00059525
2020 [4] writing prra...
2020 [4] prra WRITE: 0.01 min
DONE prra_SPEEDY_2020.nc: 25.3 MB
2020 [4] writing prsn...
2020 [4] prsn WRITE: 0.00 min
DONE prsn_SPEEDY_2020.nc: 11.1 MB
2020 TOTAL: 3.97 min

======================================================================
YEAR 2021
2021 [1] selected 2920 timesteps
2021 [2] starting LOAD...
2021 [2] LOAD: 3.79 min
2021 [3] leap/time: 0.0 s
2021: prra min=0.00000000, mean=0.00002445, max=0.00164678
2021: prsn min=0.00000000, mean=0.00000307, max=0.00048009
2021 [4] writing prra...
2021 [4] prra WRITE: 0.01 min
DONE prra_SPEEDY_2021.nc: 25.3 MB
2021 [4] writing prsn...
2021 [4] prsn WRITE: 0.00 min
DONE prsn_SPEEDY_2021.nc: 11.0 MB
2021 TOTAL: 3.84 min

======================================================================
YEAR 2022
2022 [1] selected 2920 timesteps
2022 [2] starting LOAD...
2022 [2] LOAD: 4.03 min
2022 [3] leap/time: 0.0 s
2022: prra min=0.00000000, mean=0.00002419, max=0.00153678
2022: prsn min=0.00000000, mean=0.00000321, max=0.00074252
2022 [4] writing prra...
2022 [4] prra WRITE: 0.01 min
DONE prra_SPEEDY_2022.nc: 25.3 MB
2022 [4] writing prsn...
2022 [4] prsn WRITE: 0.00 min
DONE prsn_SPEEDY_2022.nc: 11.0 MB
2022 TOTAL: 4.07 min

======================================================================
YEAR 2023
2023 [1] selected 2920 timesteps
2023 [2] starting LOAD...
2023 [2] LOAD: 3.73 min
2023 [3] leap/time: 0.0 s
2023: prra min=0.00000000, mean=0.00002425, max=0.00146560
2023: prsn min=0.00000000, mean=0.00000310, max=0.00062941
2023 [4] writing prra...
2023 [4] prra WRITE: 0.01 min
DONE prra_SPEEDY_2023.nc: 25.5 MB
2023 [4] writing prsn...
2023 [4] prsn WRITE: 0.00 min
DONE prsn_SPEEDY_2023.nc: 11.1 MB
2023 TOTAL: 3.78 min

======================================================================
YEAR 2024
2024 [1] selected 2920 timesteps
2024 [2] starting LOAD...
2024 [2] LOAD: 3.94 min
2024: leap gap found: 2024-02-28T21 -> 2024-03-01T00
2024: inserted 8 Feb 29 precipitation intervals
2024 [3] leap/time: 0.2 s
2024: prra min=0.00000000, mean=0.00002444, max=0.00146548
2024: prsn min=0.00000000, mean=0.00000306, max=0.00058578
2024 [4] writing prra...
2024 [4] prra WRITE: 0.01 min
DONE prra_SPEEDY_2024.nc: 25.3 MB
2024 [4] writing prsn...
2024 [4] prsn WRITE: 0.00 min
DONE prsn_SPEEDY_2024.nc: 11.1 MB
2024 TOTAL: 3.99 min

======================================================================
YEAR 2025
2025 [1] selected 2920 timesteps
2025 [2] starting LOAD...
2025 [2] LOAD: 3.74 min
2025 [3] leap/time: 0.0 s
2025: prra min=0.00000000, mean=0.00002432, max=0.00185695
2025: prsn min=0.00000000, mean=0.00000310, max=0.00059534
2025 [4] writing prra...
2025 [4] prra WRITE: 0.01 min
DONE prra_SPEEDY_2025.nc: 25.2 MB
2025 [4] writing prsn...
2025 [4] prsn WRITE: 0.00 min
DONE prsn_SPEEDY_2025.nc: 11.0 MB
2025 TOTAL: 3.79 min

ALL YEARS COMPLETED
