
======================================================================
YEAR 1956
1956 [1] selected 2920 timesteps
1956 [2] starting LOAD...
1956 [2] LOAD: 0.11 min, 102.7 MB
1956: leap gap found: 1956-02-28T21 -> 1956-03-01T00
1956: inserted 8 Feb 29 radiation intervals
1956 [3] leap/time: 0.2 s
1956: rlds min=23.579, mean=287.625, max=501.187
1956: rsds min=0.000, mean=171.933, max=530.890
1956 [4] writing rlds...
1956 [4] rlds WRITE: 0.01 min
DONE rlds_SPEEDY_1956.nc: 41.4 MB
1956 [4] writing rsds...
1956 [4] rsds WRITE: 0.01 min
DONE rsds_SPEEDY_1956.nc: 38.4 MB
1956 TOTAL: 0.15 min

======================================================================
YEAR 1957
1957 [1] selected 2920 timesteps
1957 [2] starting LOAD...
1957 [2] LOAD: 2.66 min, 102.7 MB
1957 [3] leap/time: 0.0 s
1957: rlds min=23.914, mean=287.000, max=496.456
1957: rsds min=0.000, mean=172.017, max=527.213
1957 [4] writing rlds...
1957 [4] rlds WRITE: 0.01 min
DONE rlds_SPEEDY_1957.nc: 41.3 MB
1957 [4] writing rsds...
1957 [4] rsds WRITE: 0.01 min
DONE rsds_SPEEDY_1957.nc: 38.3 MB
1957 TOTAL: 2.70 min

======================================================================
YEAR 1958
1958 [1] selected 2920 timesteps
1958 [2] starting LOAD...
1958 [2] LOAD: 2.17 min, 102.7 MB
1958 [3] leap/time: 0.0 s
1958: rlds min=23.478, mean=285.704, max=494.920
1958: rsds min=0.000, mean=172.711, max=528.161
1958 [4] writing rlds...
1958 [4] rlds WRITE: 0.01 min
DONE rlds_SPEEDY_1958.nc: 41.3 MB
1958 [4] writing rsds...
1958 [4] rsds WRITE: 0.00 min
DONE rsds_SPEEDY_1958.nc: 38.3 MB
1958 TOTAL: 2.20 min

======================================================================
YEAR 1959
1959 [1] selected 2920 timesteps
1959 [2] starting LOAD...
1959 [2] LOAD: 2.17 min, 102.7 MB
1959 [3] leap/time: 0.0 s
1959: rlds min=23.461, mean=285.307, max=491.463
1959: rsds min=0.000, mean=172.578, max=525.703
1959 [4] writing rlds...
1959 [4] rlds WRITE: 0.01 min
DONE rlds_SPEEDY_1959.nc: 41.3 MB
1959 [4] writing rsds...
1959 [4] rsds WRITE: 0.00 min
DONE rsds_SPEEDY_1959.nc: 38.3 MB
1959 TOTAL: 2.20 min

======================================================================
YEAR 1960
1960 [1] selected 2920 timesteps
1960 [2] starting LOAD...
1960 [2] LOAD: 2.13 min, 102.7 MB
1960: leap gap found: 1960-02-28T21 -> 1960-03-01T00
1960: inserted 8 Feb 29 radiation intervals
1960 [3] leap/time: 0.2 s
1960: rlds min=23.779, mean=285.452, max=492.080
1960: rsds min=0.000, mean=172.708, max=527.840
1960 [4] writing rlds...
1960 [4] rlds WRITE: 0.01 min
DONE rlds_SPEEDY_1960.nc: 41.4 MB
1960 [4] writing rsds...
1960 [4] rsds WRITE: 0.00 min
DONE rsds_SPEEDY_1960.nc: 38.4 MB
1960 TOTAL: 2.16 min

======================================================================
YEAR 1961
1961 [1] selected 2920 timesteps
1961 [2] starting LOAD...
1961 [2] LOAD: 2.30 min, 102.7 MB
1961 [3] leap/time: 0.0 s
1961: rlds min=23.738, mean=287.436, max=495.727
1961: rsds min=0.000, mean=171.997, max=529.885
1961 [4] writing rlds...
1961 [4] rlds WRITE: 0.00 min
DONE rlds_SPEEDY_1961.nc: 41.3 MB
1961 [4] writing rsds...
1961 [4] rsds WRITE: 0.00 min
DONE rsds_SPEEDY_1961.nc: 38.3 MB
1961 TOTAL: 2.33 min

======================================================================
YEAR 1962
1962 [1] selected 2920 timesteps
1962 [2] starting LOAD...
1962 [2] LOAD: 0.13 min, 102.7 MB
1962 [3] leap/time: 0.0 s
1962: rlds min=23.251, mean=286.440, max=497.626
WARNING 1962: negative rsds=-0.549 W m-2
1962: rsds min=-0.549, mean=172.547, max=528.881
1962 [4] writing rlds...
1962 [4] rlds WRITE: 0.00 min
DONE rlds_SPEEDY_1962.nc: 41.3 MB
1962 [4] writing rsds...
1962 [4] rsds WRITE: 0.01 min
DONE rsds_SPEEDY_1962.nc: 38.3 MB
1962 TOTAL: 0.16 min

======================================================================
YEAR 1963
1963 [1] selected 2920 timesteps
1963 [2] starting LOAD...
1963 [2] LOAD: 1.90 min, 102.7 MB
1963 [3] leap/time: 0.0 s
1963: rlds min=23.572, mean=286.979, max=504.655
1963: rsds min=0.000, mean=172.141, max=523.903
1963 [4] writing rlds...
1963 [4] rlds WRITE: 0.01 min
DONE rlds_SPEEDY_1963.nc: 41.3 MB
1963 [4] writing rsds...
1963 [4] rsds WRITE: 0.00 min
DONE rsds_SPEEDY_1963.nc: 38.3 MB
1963 TOTAL: 1.93 min

======================================================================
YEAR 1964
1964 [1] selected 2920 timesteps
1964 [2] starting LOAD...
1964 [2] LOAD: 1.97 min, 102.7 MB
1964: leap gap found: 1964-02-28T21 -> 1964-03-01T00
1964: inserted 8 Feb 29 radiation intervals
1964 [3] leap/time: 0.2 s
1964: rlds min=23.371, mean=287.032, max=494.508
WARNING 1964: negative rsds=-7.870 W m-2
1964: rsds min=-7.870, mean=172.166, max=530.840
1964 [4] writing rlds...
1964 [4] rlds WRITE: 0.01 min
DONE rlds_SPEEDY_1964.nc: 41.4 MB
1964 [4] writing rsds...
1964 [4] rsds WRITE: 0.00 min
DONE rsds_SPEEDY_1964.nc: 38.4 MB
1964 TOTAL: 2.01 min

======================================================================
YEAR 1965
1965 [1] selected 2920 timesteps
1965 [2] starting LOAD...
1965 [2] LOAD: 1.69 min, 102.7 MB
1965 [3] leap/time: 0.0 s
1965: rlds min=24.377, mean=286.997, max=496.352
WARNING 1965: negative rsds=-2.551 W m-2
1965: rsds min=-2.551, mean=172.532, max=528.932
1965 [4] writing rlds...
1965 [4] rlds WRITE: 0.01 min
DONE rlds_SPEEDY_1965.nc: 41.3 MB
1965 [4] writing rsds...
1965 [4] rsds WRITE: 0.00 min
DONE rsds_SPEEDY_1965.nc: 38.3 MB
1965 TOTAL: 1.72 min

======================================================================
YEAR 1966
1966 [1] selected 2920 timesteps
1966 [2] starting LOAD...
1966 [2] LOAD: 1.71 min, 102.7 MB
1966 [3] leap/time: 0.0 s
1966: rlds min=23.847, mean=286.921, max=492.097
1966: rsds min=0.000, mean=172.336, max=530.662
1966 [4] writing rlds...
1966 [4] rlds WRITE: 0.01 min
DONE rlds_SPEEDY_1966.nc: 41.3 MB
1966 [4] writing rsds...
1966 [4] rsds WRITE: 0.00 min
DONE rsds_SPEEDY_1966.nc: 38.3 MB
1966 TOTAL: 1.74 min

======================================================================
YEAR 1967
1967 [1] selected 2920 timesteps
1967 [2] starting LOAD...
1967 [2] LOAD: 1.61 min, 102.7 MB
1967 [3] leap/time: 0.0 s
1967: rlds min=24.563, mean=287.721, max=502.420
WARNING 1967: negative rsds=-10.440 W m-2
1967: rsds min=-10.440, mean=172.590, max=530.922
1967 [4] writing rlds...
1967 [4] rlds WRITE: 0.01 min
DONE rlds_SPEEDY_1967.nc: 41.3 MB
1967 [4] writing rsds...
1967 [4] rsds WRITE: 0.01 min
DONE rsds_SPEEDY_1967.nc: 38.3 MB
1967 TOTAL: 1.65 min

======================================================================
YEAR 1968
1968 [1] selected 2920 timesteps
1968 [2] starting LOAD...
1968 [2] LOAD: 0.12 min, 102.7 MB
1968: leap gap found: 1968-02-28T21 -> 1968-03-01T00
1968: inserted 8 Feb 29 radiation intervals
1968 [3] leap/time: 0.2 s
1968: rlds min=23.779, mean=286.938, max=499.298
1968: rsds min=0.000, mean=172.451, max=525.781
1968 [4] writing rlds...
1968 [4] rlds WRITE: 0.01 min
DONE rlds_SPEEDY_1968.nc: 41.4 MB
1968 [4] writing rsds...
1968 [4] rsds WRITE: 0.00 min
DONE rsds_SPEEDY_1968.nc: 38.4 MB
1968 TOTAL: 0.16 min

======================================================================
YEAR 1969
1969 [1] selected 2920 timesteps
1969 [2] starting LOAD...
1969 [2] LOAD: 2.25 min, 102.7 MB
1969 [3] leap/time: 0.0 s
1969: rlds min=24.158, mean=287.153, max=490.059
1969: rsds min=0.000, mean=172.593, max=529.293
1969 [4] writing rlds...
1969 [4] rlds WRITE: 0.00 min
DONE rlds_SPEEDY_1969.nc: 41.3 MB
1969 [4] writing rsds...
1969 [4] rsds WRITE: 0.01 min
DONE rsds_SPEEDY_1969.nc: 38.3 MB
1969 TOTAL: 2.28 min

======================================================================
YEAR 1970
1970 [1] selected 2920 timesteps
1970 [2] starting LOAD...
1970 [2] LOAD: 0.16 min, 102.7 MB
1970 [3] leap/time: 0.0 s
1970: rlds min=23.793, mean=287.498, max=497.000
1970: rsds min=0.000, mean=172.054, max=527.247
1970 [4] writing rlds...
1970 [4] rlds WRITE: 0.01 min
DONE rlds_SPEEDY_1970.nc: 41.3 MB
1970 [4] writing rsds...
1970 [4] rsds WRITE: 0.00 min
DONE rsds_SPEEDY_1970.nc: 38.3 MB
1970 TOTAL: 0.19 min

======================================================================
YEAR 1971
1971 [1] selected 2920 timesteps
1971 [2] starting LOAD...
1971 [2] LOAD: 1.81 min, 102.7 MB
1971 [3] leap/time: 0.0 s
1971: rlds min=23.694, mean=288.725, max=496.457
WARNING 1971: negative rsds=-0.113 W m-2
1971: rsds min=-0.113, mean=172.011, max=527.077
1971 [4] writing rlds...
1971 [4] rlds WRITE: 0.01 min
DONE rlds_SPEEDY_1971.nc: 41.3 MB
1971 [4] writing rsds...
1971 [4] rsds WRITE: 0.00 min
DONE rsds_SPEEDY_1971.nc: 38.3 MB
1971 TOTAL: 1.84 min

======================================================================
YEAR 1972
1972 [1] selected 2920 timesteps
1972 [2] starting LOAD...
1972 [2] LOAD: 0.14 min, 102.7 MB
1972: leap gap found: 1972-02-28T21 -> 1972-03-01T00
1972: inserted 8 Feb 29 radiation intervals
1972 [3] leap/time: 0.2 s
1972: rlds min=23.711, mean=288.318, max=499.634
WARNING 1972: negative rsds=-0.151 W m-2
1972: rsds min=-0.151, mean=171.953, max=526.551
1972 [4] writing rlds...
1972 [4] rlds WRITE: 0.01 min
DONE rlds_SPEEDY_1972.nc: 41.4 MB
1972 [4] writing rsds...
1972 [4] rsds WRITE: 0.00 min
DONE rsds_SPEEDY_1972.nc: 38.4 MB
1972 TOTAL: 0.17 min

======================================================================
YEAR 1973
1973 [1] selected 2920 timesteps
1973 [2] starting LOAD...
1973 [2] LOAD: 1.98 min, 102.7 MB
1973 [3] leap/time: 0.0 s
1973: rlds min=23.243, mean=288.293, max=495.822
1973: rsds min=0.000, mean=172.169, max=525.026
1973 [4] writing rlds...
1973 [4] rlds WRITE: 0.01 min
DONE rlds_SPEEDY_1973.nc: 41.3 MB
1973 [4] writing rsds...
1973 [4] rsds WRITE: 0.01 min
DONE rsds_SPEEDY_1973.nc: 38.3 MB
1973 TOTAL: 2.01 min

======================================================================
YEAR 1974
1974 [1] selected 2920 timesteps
1974 [2] starting LOAD...
1974 [2] LOAD: 1.93 min, 102.7 MB
1974 [3] leap/time: 0.0 s
1974: rlds min=24.070, mean=288.703, max=496.880
WARNING 1974: negative rsds=-9.203 W m-2
1974: rsds min=-9.203, mean=172.171, max=530.770
1974 [4] writing rlds...
1974 [4] rlds WRITE: 0.01 min
DONE rlds_SPEEDY_1974.nc: 41.3 MB
1974 [4] writing rsds...
1974 [4] rsds WRITE: 0.00 min
DONE rsds_SPEEDY_1974.nc: 38.3 MB
1974 TOTAL: 1.96 min

======================================================================
YEAR 1975
1975 [1] selected 2920 timesteps
1975 [2] starting LOAD...
1975 [2] LOAD: 10.32 min, 102.7 MB
1975 [3] leap/time: 0.1 s
1975: rlds min=24.003, mean=288.089, max=492.543
1975: rsds min=0.000, mean=172.475, max=530.458
1975 [4] writing rlds...
1975 [4] rlds WRITE: 0.62 min
DONE rlds_SPEEDY_1975.nc: 41.3 MB
1975 [4] writing rsds...
1975 [4] rsds WRITE: 0.40 min
DONE rsds_SPEEDY_1975.nc: 38.3 MB
1975 TOTAL: 11.61 min

======================================================================
YEAR 1976
1976 [1] selected 2920 timesteps
1976 [2] starting LOAD...
1976 [2] LOAD: 6.21 min, 102.7 MB
1976: leap gap found: 1976-02-28T21 -> 1976-03-01T00
1976: inserted 8 Feb 29 radiation intervals
1976 [3] leap/time: 0.3 s
1976: rlds min=23.471, mean=287.656, max=498.200
WARNING 1976: negative rsds=-1.912 W m-2
1976: rsds min=-1.912, mean=172.367, max=530.104
1976 [4] writing rlds...
1976 [4] rlds WRITE: 0.23 min
DONE rlds_SPEEDY_1976.nc: 41.4 MB
1976 [4] writing rsds...
1976 [4] rsds WRITE: 0.12 min
DONE rsds_SPEEDY_1976.nc: 38.4 MB
1976 TOTAL: 6.65 min

======================================================================
YEAR 1977
1977 [1] selected 2920 timesteps
1977 [2] starting LOAD...
1977 [2] LOAD: 37.11 min, 102.7 MB
1977 [3] leap/time: 0.2 s
1977: rlds min=24.173, mean=288.584, max=502.232
WARNING 1977: negative rsds=-0.005 W m-2
1977: rsds min=-0.005, mean=171.917, max=527.623
1977 [4] writing rlds...
1977 [4] rlds WRITE: 1.27 min
DONE rlds_SPEEDY_1977.nc: 41.3 MB
1977 [4] writing rsds...
1977 [4] rsds WRITE: 0.10 min
DONE rsds_SPEEDY_1977.nc: 38.3 MB
1977 TOTAL: 38.77 min

======================================================================
YEAR 1978
1978 [1] selected 2920 timesteps
1978 [2] starting LOAD...
1978 [2] LOAD: 8.57 min, 102.7 MB
1978 [3] leap/time: 0.0 s
1978: rlds min=24.180, mean=288.468, max=504.543
1978: rsds min=0.000, mean=172.154, max=524.854
1978 [4] writing rlds...
1978 [4] rlds WRITE: 0.12 min
DONE rlds_SPEEDY_1978.nc: 41.3 MB
1978 [4] writing rsds...
1978 [4] rsds WRITE: 0.03 min
DONE rsds_SPEEDY_1978.nc: 38.3 MB
1978 TOTAL: 9.27 min

======================================================================
YEAR 1979
1979 [1] selected 2920 timesteps
1979 [2] starting LOAD...
1979 [2] LOAD: 12.15 min, 102.7 MB
1979 [3] leap/time: 0.0 s
1979: rlds min=24.485, mean=288.960, max=503.540
1979: rsds min=0.000, mean=172.099, max=527.284
1979 [4] writing rlds...
1979 [4] rlds WRITE: 0.13 min
DONE rlds_SPEEDY_1979.nc: 41.3 MB
1979 [4] writing rsds...
1979 [4] rsds WRITE: 4.33 min
DONE rsds_SPEEDY_1979.nc: 38.3 MB
1979 TOTAL: 17.70 min

======================================================================
YEAR 1980
1980 [1] selected 2920 timesteps
1980 [2] starting LOAD...
1980 [2] LOAD: 34.59 min, 102.7 MB
1980: leap gap found: 1980-02-28T21 -> 1980-03-01T00
1980: inserted 8 Feb 29 radiation intervals
1980 [3] leap/time: 0.2 s
1980: rlds min=23.153, mean=288.270, max=496.747
1980: rsds min=0.000, mean=172.193, max=527.936
1980 [4] writing rlds...
1980 [4] rlds WRITE: 0.01 min
DONE rlds_SPEEDY_1980.nc: 41.4 MB
1980 [4] writing rsds...
1980 [4] rsds WRITE: 0.00 min
DONE rsds_SPEEDY_1980.nc: 38.4 MB
1980 TOTAL: 34.73 min

======================================================================
YEAR 1981
1981 [1] selected 2920 timesteps
1981 [2] starting LOAD...
1981 [2] LOAD: 11.07 min, 102.7 MB
1981 [3] leap/time: 0.0 s
1981: rlds min=24.880, mean=289.391, max=503.377
1981: rsds min=0.000, mean=172.179, max=525.205
1981 [4] writing rlds...
1981 [4] rlds WRITE: 0.02 min
DONE rlds_SPEEDY_1981.nc: 41.3 MB
1981 [4] writing rsds...
1981 [4] rsds WRITE: 0.03 min
DONE rsds_SPEEDY_1981.nc: 38.2 MB
1981 TOTAL: 11.27 min

======================================================================
YEAR 1982
1982 [1] selected 2920 timesteps
1982 [2] starting LOAD...
1982 [2] LOAD: 21.80 min, 102.7 MB
1982 [3] leap/time: 0.0 s
1982: rlds min=24.490, mean=290.210, max=506.860
1982: rsds min=0.000, mean=171.731, max=524.479
1982 [4] writing rlds...
1982 [4] rlds WRITE: 0.07 min
DONE rlds_SPEEDY_1982.nc: 41.3 MB
1982 [4] writing rsds...
1982 [4] rsds WRITE: 0.01 min
DONE rsds_SPEEDY_1982.nc: 38.3 MB
1982 TOTAL: 21.99 min

======================================================================
YEAR 1983
1983 [1] selected 2920 timesteps
1983 [2] starting LOAD...
1983 [2] LOAD: 16.68 min, 102.7 MB
1983 [3] leap/time: 0.2 s
1983: rlds min=24.030, mean=288.642, max=498.425
1983: rsds min=0.000, mean=172.081, max=529.743
1983 [4] writing rlds...
1983 [4] rlds WRITE: 0.04 min
DONE rlds_SPEEDY_1983.nc: 41.3 MB
1983 [4] writing rsds...
1983 [4] rsds WRITE: 0.01 min
DONE rsds_SPEEDY_1983.nc: 38.3 MB
1983 TOTAL: 16.78 min

======================================================================
YEAR 1984
1984 [1] selected 2920 timesteps
1984 [2] starting LOAD...
1984 [2] LOAD: 0.37 min, 102.7 MB
1984: leap gap found: 1984-02-28T21 -> 1984-03-01T00
1984: inserted 8 Feb 29 radiation intervals
1984 [3] leap/time: 0.2 s
1984: rlds min=24.178, mean=288.945, max=495.674
WARNING 1984: negative rsds=-0.057 W m-2
1984: rsds min=-0.057, mean=171.958, max=529.272
1984 [4] writing rlds...
1984 [4] rlds WRITE: 0.01 min
DONE rlds_SPEEDY_1984.nc: 41.4 MB
1984 [4] writing rsds...
1984 [4] rsds WRITE: 0.00 min
DONE rsds_SPEEDY_1984.nc: 38.4 MB
1984 TOTAL: 0.50 min

======================================================================
YEAR 1985
1985 [1] selected 2920 timesteps
1985 [2] starting LOAD...
1985 [2] LOAD: 7.72 min, 102.7 MB
1985 [3] leap/time: 0.0 s
1985: rlds min=23.885, mean=289.402, max=511.189
WARNING 1985: negative rsds=-0.209 W m-2
1985: rsds min=-0.209, mean=171.819, max=530.214
1985 [4] writing rlds...
1985 [4] rlds WRITE: 0.01 min
DONE rlds_SPEEDY_1985.nc: 41.3 MB
1985 [4] writing rsds...
1985 [4] rsds WRITE: 0.02 min
DONE rsds_SPEEDY_1985.nc: 38.3 MB
1985 TOTAL: 7.77 min

======================================================================
YEAR 1986
1986 [1] selected 2920 timesteps
1986 [2] starting LOAD...
1986 [2] LOAD: 56.74 min, 102.7 MB
1986 [3] leap/time: 0.1 s
1986: rlds min=23.899, mean=288.884, max=498.524
WARNING 1986: negative rsds=-1.222 W m-2
1986: rsds min=-1.222, mean=172.264, max=525.663
1986 [4] writing rlds...
1986 [4] rlds WRITE: 0.05 min
DONE rlds_SPEEDY_1986.nc: 41.3 MB
1986 [4] writing rsds...
1986 [4] rsds WRITE: 0.01 min
DONE rsds_SPEEDY_1986.nc: 38.2 MB
1986 TOTAL: 57.60 min

======================================================================
YEAR 1987
1987 [1] selected 2920 timesteps
1987 [2] starting LOAD...
1987 [2] LOAD: 15.85 min, 102.7 MB
1987 [3] leap/time: 0.0 s
1987: rlds min=24.565, mean=289.924, max=498.300
WARNING 1987: negative rsds=-1.510 W m-2
1987: rsds min=-1.510, mean=171.568, max=523.119
1987 [4] writing rlds...
1987 [4] rlds WRITE: 0.16 min
DONE rlds_SPEEDY_1987.nc: 41.3 MB
1987 [4] writing rsds...
1987 [4] rsds WRITE: 0.31 min
DONE rsds_SPEEDY_1987.nc: 38.3 MB
1987 TOTAL: 16.74 min

======================================================================
YEAR 1988
1988 [1] selected 2920 timesteps
1988 [2] starting LOAD...
1988 [2] LOAD: 21.43 min, 102.7 MB
1988: leap gap found: 1988-02-28T21 -> 1988-03-01T00
1988: inserted 8 Feb 29 radiation intervals
1988 [3] leap/time: 11.8 s
1988: rlds min=23.585, mean=289.858, max=500.903
1988: rsds min=0.000, mean=171.936, max=525.007
1988 [4] writing rlds...
1988 [4] rlds WRITE: 1.25 min
DONE rlds_SPEEDY_1988.nc: 41.4 MB
1988 [4] writing rsds...
1988 [4] rsds WRITE: 1.28 min
DONE rsds_SPEEDY_1988.nc: 38.4 MB
1988 TOTAL: 26.97 min

======================================================================
YEAR 1989
1989 [1] selected 2920 timesteps
1989 [2] starting LOAD...
1989 [2] LOAD: 13.49 min, 102.7 MB
1989 [3] leap/time: 0.0 s
1989: rlds min=24.004, mean=289.776, max=504.220
1989: rsds min=0.000, mean=171.792, max=524.849
1989 [4] writing rlds...
1989 [4] rlds WRITE: 0.01 min
DONE rlds_SPEEDY_1989.nc: 41.3 MB
1989 [4] writing rsds...
1989 [4] rsds WRITE: 0.05 min
DONE rsds_SPEEDY_1989.nc: 38.3 MB
1989 TOTAL: 14.87 min

======================================================================
YEAR 1990
1990 [1] selected 2920 timesteps
1990 [2] starting LOAD...
1990 [2] LOAD: 10.17 min, 102.7 MB
1990 [3] leap/time: 0.0 s
1990: rlds min=24.122, mean=289.881, max=502.034
1990: rsds min=0.000, mean=171.530, max=530.702
1990 [4] writing rlds...
1990 [4] rlds WRITE: 0.06 min
DONE rlds_SPEEDY_1990.nc: 41.3 MB
1990 [4] writing rsds...
1990 [4] rsds WRITE: 0.03 min
DONE rsds_SPEEDY_1990.nc: 38.3 MB
1990 TOTAL: 10.34 min

======================================================================
YEAR 1991
1991 [1] selected 2920 timesteps
1991 [2] starting LOAD...
1991 [2] LOAD: 20.53 min, 102.7 MB
1991 [3] leap/time: 0.0 s
1991: rlds min=22.894, mean=289.180, max=500.674
WARNING 1991: negative rsds=-4.312 W m-2
1991: rsds min=-4.312, mean=171.891, max=528.443
1991 [4] writing rlds...
1991 [4] rlds WRITE: 0.12 min
DONE rlds_SPEEDY_1991.nc: 41.3 MB
1991 [4] writing rsds...
1991 [4] rsds WRITE: 0.07 min
DONE rsds_SPEEDY_1991.nc: 38.3 MB
1991 TOTAL: 20.77 min

======================================================================
YEAR 1992
1992 [1] selected 2920 timesteps
1992 [2] starting LOAD...
