
======================================================================
YEAR 1992
1992 [1] selected 2920 timesteps
1992 [2] starting LOAD...
1992 [2] LOAD: 19.29 min, 102.7 MB
1992: leap gap found: 1992-02-28T21 -> 1992-03-01T00
1992: inserted 8 Feb 29 radiation intervals
1992 [3] leap/time: 0.2 s
1992: rlds min=22.984, mean=289.660, max=496.975
WARNING 1992: negative rsds=-2.149 W m-2
1992: rsds min=-2.149, mean=171.756, max=526.504
1992 [4] writing rlds...
1992 [4] rlds WRITE: 0.01 min
DONE rlds_SPEEDY_1992.nc: 41.4 MB
1992 [4] writing rsds...
1992 [4] rsds WRITE: 0.02 min
DONE rsds_SPEEDY_1992.nc: 38.4 MB
1992 TOTAL: 19.35 min

======================================================================
YEAR 1993
1993 [1] selected 2920 timesteps
1993 [2] starting LOAD...
1993 [2] LOAD: 0.15 min, 102.7 MB
1993 [3] leap/time: 0.0 s
1993: rlds min=24.742, mean=290.028, max=511.148
1993: rsds min=0.000, mean=171.645, max=523.681
1993 [4] writing rlds...
1993 [4] rlds WRITE: 0.01 min
DONE rlds_SPEEDY_1993.nc: 41.3 MB
1993 [4] writing rsds...
1993 [4] rsds WRITE: 0.01 min
DONE rsds_SPEEDY_1993.nc: 38.3 MB
1993 TOTAL: 0.19 min

======================================================================
YEAR 1994
1994 [1] selected 2920 timesteps
1994 [2] starting LOAD...
1994 [2] LOAD: 14.11 min, 102.7 MB
1994 [3] leap/time: 0.0 s
1994: rlds min=24.322, mean=290.413, max=503.178
1994: rsds min=0.000, mean=171.771, max=529.401
1994 [4] writing rlds...
1994 [4] rlds WRITE: 0.04 min
DONE rlds_SPEEDY_1994.nc: 41.3 MB
1994 [4] writing rsds...
1994 [4] rsds WRITE: 0.02 min
DONE rsds_SPEEDY_1994.nc: 38.3 MB
1994 TOTAL: 14.27 min

======================================================================
YEAR 1995
1995 [1] selected 2920 timesteps
1995 [2] starting LOAD...
1995 [2] LOAD: 16.15 min, 102.7 MB
1995 [3] leap/time: 0.0 s
1995: rlds min=23.585, mean=289.169, max=499.560
WARNING 1995: negative rsds=-0.040 W m-2
1995: rsds min=-0.040, mean=172.148, max=530.722
1995 [4] writing rlds...
1995 [4] rlds WRITE: 0.01 min
DONE rlds_SPEEDY_1995.nc: 41.3 MB
1995 [4] writing rsds...
1995 [4] rsds WRITE: 0.01 min
DONE rsds_SPEEDY_1995.nc: 38.3 MB
1995 TOTAL: 16.19 min

======================================================================
YEAR 1996
1996 [1] selected 2920 timesteps
1996 [2] starting LOAD...
1996 [2] LOAD: 19.08 min, 102.7 MB
1996: leap gap found: 1996-02-28T21 -> 1996-03-01T00
1996: inserted 8 Feb 29 radiation intervals
1996 [3] leap/time: 0.2 s
1996: rlds min=24.378, mean=289.963, max=514.602
1996: rsds min=0.000, mean=171.784, max=529.301
1996 [4] writing rlds...
1996 [4] rlds WRITE: 0.00 min
DONE rlds_SPEEDY_1996.nc: 41.4 MB
1996 [4] writing rsds...
1996 [4] rsds WRITE: 0.01 min
DONE rsds_SPEEDY_1996.nc: 38.4 MB
1996 TOTAL: 19.12 min

======================================================================
YEAR 1997
1997 [1] selected 2920 timesteps
1997 [2] starting LOAD...
1997 [2] LOAD: 22.84 min, 102.7 MB
1997 [3] leap/time: 0.0 s
1997: rlds min=23.341, mean=289.971, max=507.915
WARNING 1997: negative rsds=-10.421 W m-2
1997: rsds min=-10.421, mean=171.889, max=529.150
1997 [4] writing rlds...
1997 [4] rlds WRITE: 0.01 min
DONE rlds_SPEEDY_1997.nc: 41.3 MB
1997 [4] writing rsds...
1997 [4] rsds WRITE: 0.01 min
DONE rsds_SPEEDY_1997.nc: 38.3 MB
1997 TOTAL: 22.89 min

======================================================================
YEAR 1998
1998 [1] selected 2920 timesteps
1998 [2] starting LOAD...
1998 [2] LOAD: 24.23 min, 102.7 MB
1998 [3] leap/time: 0.0 s
1998: rlds min=24.047, mean=290.849, max=506.366
WARNING 1998: negative rsds=-9.999 W m-2
1998: rsds min=-9.999, mean=171.789, max=529.858
1998 [4] writing rlds...
1998 [4] rlds WRITE: 0.01 min
DONE rlds_SPEEDY_1998.nc: 41.3 MB
1998 [4] writing rsds...
1998 [4] rsds WRITE: 0.00 min
DONE rsds_SPEEDY_1998.nc: 38.3 MB
1998 TOTAL: 24.27 min

======================================================================
YEAR 1999
1999 [1] selected 2920 timesteps
1999 [2] starting LOAD...
1999 [2] LOAD: 17.93 min, 102.7 MB
1999 [3] leap/time: 0.0 s
1999: rlds min=24.359, mean=291.753, max=505.340
1999: rsds min=0.000, mean=171.624, max=525.733
1999 [4] writing rlds...
1999 [4] rlds WRITE: 0.09 min
DONE rlds_SPEEDY_1999.nc: 41.3 MB
1999 [4] writing rsds...
1999 [4] rsds WRITE: 0.01 min
DONE rsds_SPEEDY_1999.nc: 38.3 MB
1999 TOTAL: 18.05 min

======================================================================
YEAR 2000
2000 [1] selected 2920 timesteps
2000 [2] starting LOAD...
2000 [2] LOAD: 29.13 min, 102.7 MB
2000: leap gap found: 2000-02-28T21 -> 2000-03-01T00
2000: inserted 8 Feb 29 radiation intervals
2000 [3] leap/time: 3.9 s
2000: rlds min=24.703, mean=291.596, max=510.266
WARNING 2000: negative rsds=-15.441 W m-2
2000: rsds min=-15.441, mean=171.696, max=525.396
2000 [4] writing rlds...
2000 [4] rlds WRITE: 0.37 min
DONE rlds_SPEEDY_2000.nc: 41.4 MB
2000 [4] writing rsds...
2000 [4] rsds WRITE: 0.04 min
DONE rsds_SPEEDY_2000.nc: 38.4 MB
2000 TOTAL: 29.66 min

======================================================================
YEAR 2001
2001 [1] selected 2920 timesteps
2001 [2] starting LOAD...
2001 [2] LOAD: 26.00 min, 102.7 MB
2001 [3] leap/time: 0.0 s
2001: rlds min=23.810, mean=290.765, max=511.426
2001: rsds min=0.000, mean=171.824, max=524.356
2001 [4] writing rlds...
2001 [4] rlds WRITE: 0.75 min
DONE rlds_SPEEDY_2001.nc: 41.3 MB
2001 [4] writing rsds...
2001 [4] rsds WRITE: 0.14 min
DONE rsds_SPEEDY_2001.nc: 38.3 MB
2001 TOTAL: 27.88 min

======================================================================
YEAR 2002
2002 [1] selected 2920 timesteps
2002 [2] starting LOAD...
2002 [2] LOAD: 29.41 min, 102.7 MB
2002 [3] leap/time: 0.0 s
2002: rlds min=23.929, mean=290.406, max=517.911
2002: rsds min=0.000, mean=171.928, max=525.863
2002 [4] writing rlds...
2002 [4] rlds WRITE: 0.01 min
DONE rlds_SPEEDY_2002.nc: 41.3 MB
2002 [4] writing rsds...
2002 [4] rsds WRITE: 0.00 min
DONE rsds_SPEEDY_2002.nc: 38.2 MB
2002 TOTAL: 29.57 min

======================================================================
YEAR 2003
2003 [1] selected 2920 timesteps
2003 [2] starting LOAD...
2003 [2] LOAD: 23.79 min, 102.7 MB
2003 [3] leap/time: 0.0 s
2003: rlds min=22.974, mean=291.794, max=512.962
WARNING 2003: negative rsds=-0.392 W m-2
2003: rsds min=-0.392, mean=171.772, max=528.930
2003 [4] writing rlds...
2003 [4] rlds WRITE: 0.05 min
DONE rlds_SPEEDY_2003.nc: 41.3 MB
2003 [4] writing rsds...
2003 [4] rsds WRITE: 0.01 min
DONE rsds_SPEEDY_2003.nc: 38.2 MB
2003 TOTAL: 23.90 min

======================================================================
YEAR 2004
2004 [1] selected 2920 timesteps
2004 [2] starting LOAD...
2004 [2] LOAD: 21.07 min, 102.7 MB
2004: leap gap found: 2004-02-28T21 -> 2004-03-01T00
2004: inserted 8 Feb 29 radiation intervals
2004 [3] leap/time: 0.2 s
2004: rlds min=23.254, mean=291.686, max=508.931
WARNING 2004: negative rsds=-0.962 W m-2
2004: rsds min=-0.962, mean=171.787, max=525.076
2004 [4] writing rlds...
2004 [4] rlds WRITE: 0.01 min
DONE rlds_SPEEDY_2004.nc: 41.4 MB
2004 [4] writing rsds...
2004 [4] rsds WRITE: 0.01 min
DONE rsds_SPEEDY_2004.nc: 38.4 MB
2004 TOTAL: 21.14 min

======================================================================
YEAR 2005
2005 [1] selected 2920 timesteps
2005 [2] starting LOAD...
2005 [2] LOAD: 18.23 min, 102.7 MB
2005 [3] leap/time: 0.0 s
2005: rlds min=24.035, mean=290.673, max=512.068
2005: rsds min=0.000, mean=171.449, max=529.111
2005 [4] writing rlds...
2005 [4] rlds WRITE: 0.09 min
DONE rlds_SPEEDY_2005.nc: 41.3 MB
2005 [4] writing rsds...
2005 [4] rsds WRITE: 0.01 min
DONE rsds_SPEEDY_2005.nc: 38.3 MB
2005 TOTAL: 18.36 min

======================================================================
YEAR 2006
2006 [1] selected 2920 timesteps
2006 [2] starting LOAD...
2006 [2] LOAD: 0.37 min, 102.7 MB
2006 [3] leap/time: 0.0 s
2006: rlds min=24.189, mean=291.189, max=517.020
WARNING 2006: negative rsds=-8.183 W m-2
2006: rsds min=-8.183, mean=171.535, max=524.700
2006 [4] writing rlds...
2006 [4] rlds WRITE: 0.09 min
DONE rlds_SPEEDY_2006.nc: 41.3 MB
2006 [4] writing rsds...
2006 [4] rsds WRITE: 0.01 min
DONE rsds_SPEEDY_2006.nc: 38.3 MB
2006 TOTAL: 0.49 min

======================================================================
YEAR 2007
2007 [1] selected 2920 timesteps
2007 [2] starting LOAD...
2007 [2] LOAD: 14.78 min, 102.7 MB
2007 [3] leap/time: 0.0 s
2007: rlds min=24.537, mean=293.095, max=508.568
2007: rsds min=0.000, mean=171.071, max=529.510
2007 [4] writing rlds...
2007 [4] rlds WRITE: 0.01 min
DONE rlds_SPEEDY_2007.nc: 41.3 MB
2007 [4] writing rsds...
2007 [4] rsds WRITE: 0.01 min
DONE rsds_SPEEDY_2007.nc: 38.3 MB
2007 TOTAL: 14.85 min

======================================================================
YEAR 2008
2008 [1] selected 2920 timesteps
2008 [2] starting LOAD...
2008 [2] LOAD: 0.24 min, 102.7 MB
2008: leap gap found: 2008-02-28T21 -> 2008-03-01T00
2008: inserted 8 Feb 29 radiation intervals
2008 [3] leap/time: 0.2 s
2008: rlds min=24.404, mean=293.702, max=507.238
2008: rsds min=0.000, mean=170.943, max=527.914
2008 [4] writing rlds...
2008 [4] rlds WRITE: 0.01 min
DONE rlds_SPEEDY_2008.nc: 41.4 MB
2008 [4] writing rsds...
2008 [4] rsds WRITE: 0.01 min
DONE rsds_SPEEDY_2008.nc: 38.4 MB
2008 TOTAL: 0.27 min

======================================================================
YEAR 2009
2009 [1] selected 2920 timesteps
2009 [2] starting LOAD...
2009 [2] LOAD: 4.89 min, 102.7 MB
2009 [3] leap/time: 0.0 s
2009: rlds min=24.957, mean=291.919, max=521.823
2009: rsds min=0.000, mean=171.556, max=529.578
2009 [4] writing rlds...
2009 [4] rlds WRITE: 0.00 min
DONE rlds_SPEEDY_2009.nc: 41.3 MB
2009 [4] writing rsds...
2009 [4] rsds WRITE: 0.00 min
DONE rsds_SPEEDY_2009.nc: 38.3 MB
2009 TOTAL: 4.92 min

======================================================================
YEAR 2010
2010 [1] selected 2920 timesteps
2010 [2] starting LOAD...
2010 [2] LOAD: 11.02 min, 102.7 MB
2010 [3] leap/time: 0.0 s
2010: rlds min=24.311, mean=291.517, max=504.225
WARNING 2010: negative rsds=-0.199 W m-2
2010: rsds min=-0.199, mean=171.619, max=526.424
2010 [4] writing rlds...
2010 [4] rlds WRITE: 0.02 min
DONE rlds_SPEEDY_2010.nc: 41.3 MB
2010 [4] writing rsds...
2010 [4] rsds WRITE: 0.00 min
DONE rsds_SPEEDY_2010.nc: 38.3 MB
2010 TOTAL: 11.06 min

======================================================================
YEAR 2011
2011 [1] selected 2920 timesteps
2011 [2] starting LOAD...
2011 [2] LOAD: 0.12 min, 102.7 MB
2011 [3] leap/time: 0.0 s
2011: rlds min=23.753, mean=292.047, max=508.231
WARNING 2011: negative rsds=-2.499 W m-2
2011: rsds min=-2.499, mean=171.391, max=530.354
2011 [4] writing rlds...
2011 [4] rlds WRITE: 0.01 min
DONE rlds_SPEEDY_2011.nc: 41.3 MB
2011 [4] writing rsds...
2011 [4] rsds WRITE: 0.01 min
DONE rsds_SPEEDY_2011.nc: 38.3 MB
2011 TOTAL: 0.15 min

======================================================================
YEAR 2012
2012 [1] selected 2920 timesteps
2012 [2] starting LOAD...
2012 [2] LOAD: 4.25 min, 102.7 MB
2012: leap gap found: 2012-02-28T21 -> 2012-03-01T00
2012: inserted 8 Feb 29 radiation intervals
2012 [3] leap/time: 0.2 s
2012: rlds min=23.753, mean=292.025, max=502.146
2012: rsds min=0.000, mean=171.556, max=529.474
2012 [4] writing rlds...
2012 [4] rlds WRITE: 0.01 min
DONE rlds_SPEEDY_2012.nc: 41.4 MB
2012 [4] writing rsds...
2012 [4] rsds WRITE: 0.01 min
DONE rsds_SPEEDY_2012.nc: 38.4 MB
2012 TOTAL: 4.28 min

======================================================================
YEAR 2013
2013 [1] selected 2920 timesteps
2013 [2] starting LOAD...
2013 [2] LOAD: 4.47 min, 102.7 MB
2013 [3] leap/time: 0.0 s
2013: rlds min=24.738, mean=292.264, max=507.081
WARNING 2013: negative rsds=-1.142 W m-2
2013: rsds min=-1.142, mean=171.675, max=527.734
2013 [4] writing rlds...
2013 [4] rlds WRITE: 0.00 min
DONE rlds_SPEEDY_2013.nc: 41.3 MB
2013 [4] writing rsds...
2013 [4] rsds WRITE: 0.01 min
DONE rsds_SPEEDY_2013.nc: 38.2 MB
2013 TOTAL: 4.50 min

======================================================================
YEAR 2014
2014 [1] selected 2920 timesteps
2014 [2] starting LOAD...
2014 [2] LOAD: 3.75 min, 102.7 MB
2014 [3] leap/time: 0.0 s
2014: rlds min=24.348, mean=292.403, max=507.332
WARNING 2014: negative rsds=-0.002 W m-2
2014: rsds min=-0.002, mean=171.476, max=529.962
2014 [4] writing rlds...
2014 [4] rlds WRITE: 0.01 min
DONE rlds_SPEEDY_2014.nc: 41.3 MB
2014 [4] writing rsds...
2014 [4] rsds WRITE: 0.01 min
DONE rsds_SPEEDY_2014.nc: 38.3 MB
2014 TOTAL: 3.78 min

======================================================================
YEAR 2015
2015 [1] selected 2920 timesteps
2015 [2] starting LOAD...
2015 [2] LOAD: 3.30 min, 102.7 MB
2015 [3] leap/time: 0.0 s
2015: rlds min=23.447, mean=292.453, max=506.045
2015: rsds min=0.000, mean=171.458, max=530.674
2015 [4] writing rlds...
2015 [4] rlds WRITE: 0.01 min
DONE rlds_SPEEDY_2015.nc: 41.3 MB
2015 [4] writing rsds...
2015 [4] rsds WRITE: 0.01 min
DONE rsds_SPEEDY_2015.nc: 38.3 MB
2015 TOTAL: 3.34 min

======================================================================
YEAR 2016
2016 [1] selected 2920 timesteps
2016 [2] starting LOAD...
2016 [2] LOAD: 0.12 min, 102.7 MB
2016: leap gap found: 2016-02-28T21 -> 2016-03-01T00
2016: inserted 8 Feb 29 radiation intervals
2016 [3] leap/time: 0.2 s
2016: rlds min=23.335, mean=292.971, max=505.971
2016: rsds min=0.000, mean=171.070, max=528.802
2016 [4] writing rlds...
2016 [4] rlds WRITE: 0.01 min
DONE rlds_SPEEDY_2016.nc: 41.4 MB
2016 [4] writing rsds...
2016 [4] rsds WRITE: 0.01 min
DONE rsds_SPEEDY_2016.nc: 38.4 MB
2016 TOTAL: 0.16 min

======================================================================
YEAR 2017
2017 [1] selected 2920 timesteps
2017 [2] starting LOAD...
2017 [2] LOAD: 4.04 min, 102.7 MB
2017 [3] leap/time: 0.0 s
2017: rlds min=24.826, mean=292.421, max=510.749
WARNING 2017: negative rsds=-20.271 W m-2
2017: rsds min=-20.271, mean=171.396, max=525.495
2017 [4] writing rlds...
2017 [4] rlds WRITE: 0.02 min
DONE rlds_SPEEDY_2017.nc: 41.3 MB
2017 [4] writing rsds...
2017 [4] rsds WRITE: 0.01 min
DONE rsds_SPEEDY_2017.nc: 38.3 MB
2017 TOTAL: 4.10 min

======================================================================
YEAR 2018
2018 [1] selected 2920 timesteps
2018 [2] starting LOAD...
2018 [2] LOAD: 5.17 min, 102.7 MB
2018 [3] leap/time: 0.0 s
2018: rlds min=23.032, mean=291.218, max=505.885
2018: rsds min=0.000, mean=171.928, max=527.508
2018 [4] writing rlds...
2018 [4] rlds WRITE: 0.01 min
DONE rlds_SPEEDY_2018.nc: 41.3 MB
2018 [4] writing rsds...
2018 [4] rsds WRITE: 0.01 min
DONE rsds_SPEEDY_2018.nc: 38.3 MB
2018 TOTAL: 5.20 min

======================================================================
YEAR 2019
2019 [1] selected 2920 timesteps
2019 [2] starting LOAD...
2019 [2] LOAD: 7.79 min, 102.7 MB
2019 [3] leap/time: 0.0 s
2019: rlds min=24.618, mean=291.977, max=510.292
WARNING 2019: negative rsds=-0.181 W m-2
2019: rsds min=-0.181, mean=171.633, max=531.213
2019 [4] writing rlds...
2019 [4] rlds WRITE: 0.01 min
DONE rlds_SPEEDY_2019.nc: 41.3 MB
2019 [4] writing rsds...
2019 [4] rsds WRITE: 0.01 min
DONE rsds_SPEEDY_2019.nc: 38.3 MB
2019 TOTAL: 7.82 min

======================================================================
YEAR 2020
2020 [1] selected 2920 timesteps
2020 [2] starting LOAD...
2020 [2] LOAD: 2.81 min, 102.7 MB
2020: leap gap found: 2020-02-28T21 -> 2020-03-01T00
2020: inserted 8 Feb 29 radiation intervals
2020 [3] leap/time: 0.2 s
2020: rlds min=24.405, mean=292.330, max=514.382
WARNING 2020: negative rsds=-0.274 W m-2
2020: rsds min=-0.274, mean=171.795, max=530.900
2020 [4] writing rlds...
2020 [4] rlds WRITE: 0.01 min
DONE rlds_SPEEDY_2020.nc: 41.4 MB
2020 [4] writing rsds...
2020 [4] rsds WRITE: 0.00 min
DONE rsds_SPEEDY_2020.nc: 38.4 MB
2020 TOTAL: 2.84 min

======================================================================
YEAR 2021
2021 [1] selected 2920 timesteps
2021 [2] starting LOAD...
2021 [2] LOAD: 3.76 min, 102.7 MB
2021 [3] leap/time: 0.0 s
2021: rlds min=24.210, mean=292.406, max=511.032
WARNING 2021: negative rsds=-8.117 W m-2
2021: rsds min=-8.117, mean=171.291, max=525.193
2021 [4] writing rlds...
2021 [4] rlds WRITE: 0.01 min
DONE rlds_SPEEDY_2021.nc: 41.3 MB
2021 [4] writing rsds...
2021 [4] rsds WRITE: 0.00 min
DONE rsds_SPEEDY_2021.nc: 38.2 MB
2021 TOTAL: 3.79 min

======================================================================
YEAR 2022
2022 [1] selected 2920 timesteps
2022 [2] starting LOAD...
2022 [2] LOAD: 3.60 min, 102.7 MB
2022 [3] leap/time: 0.0 s
2022: rlds min=23.784, mean=292.372, max=510.243
WARNING 2022: negative rsds=-7.399 W m-2
2022: rsds min=-7.399, mean=171.458, max=530.013
2022 [4] writing rlds...
2022 [4] rlds WRITE: 0.01 min
DONE rlds_SPEEDY_2022.nc: 41.3 MB
2022 [4] writing rsds...
2022 [4] rsds WRITE: 0.01 min
DONE rsds_SPEEDY_2022.nc: 38.3 MB
2022 TOTAL: 3.63 min

======================================================================
YEAR 2023
2023 [1] selected 2920 timesteps
2023 [2] starting LOAD...
2023 [2] LOAD: 3.49 min, 102.7 MB
2023 [3] leap/time: 0.0 s
2023: rlds min=24.314, mean=292.631, max=508.023
WARNING 2023: negative rsds=-9.195 W m-2
2023: rsds min=-9.195, mean=171.491, max=527.731
2023 [4] writing rlds...
2023 [4] rlds WRITE: 0.01 min
DONE rlds_SPEEDY_2023.nc: 41.3 MB
2023 [4] writing rsds...
2023 [4] rsds WRITE: 0.00 min
DONE rsds_SPEEDY_2023.nc: 38.3 MB
2023 TOTAL: 3.52 min

======================================================================
YEAR 2024
2024 [1] selected 2920 timesteps
2024 [2] starting LOAD...
2024 [2] LOAD: 3.58 min, 102.7 MB
2024: leap gap found: 2024-02-28T21 -> 2024-03-01T00
2024: inserted 8 Feb 29 radiation intervals
2024 [3] leap/time: 0.2 s
2024: rlds min=24.590, mean=292.602, max=509.957
WARNING 2024: negative rsds=-2.369 W m-2
2024: rsds min=-2.369, mean=171.376, max=527.798
2024 [4] writing rlds...
2024 [4] rlds WRITE: 0.01 min
DONE rlds_SPEEDY_2024.nc: 41.4 MB
2024 [4] writing rsds...
2024 [4] rsds WRITE: 0.01 min
DONE rsds_SPEEDY_2024.nc: 38.4 MB
2024 TOTAL: 3.61 min

======================================================================
YEAR 2025
2025 [1] selected 2920 timesteps
2025 [2] starting LOAD...
2025 [2] LOAD: 2.47 min, 102.7 MB
2025 [3] leap/time: 0.0 s
2025: rlds min=25.204, mean=292.632, max=508.887
WARNING 2025: negative rsds=-17.990 W m-2
2025: rsds min=-17.990, mean=171.349, max=531.199
2025 [4] writing rlds...
2025 [4] rlds WRITE: 0.00 min
DONE rlds_SPEEDY_2025.nc: 41.3 MB
2025 [4] writing rsds...
2025 [4] rsds WRITE: 0.04 min
DONE rsds_SPEEDY_2025.nc: 38.2 MB
2025 TOTAL: 2.53 min

ALL YEARS COMPLETED
