
======================================================================
YEAR 2012
2012 [1] selected 2920 timesteps
2012 [2] isel done: 0.5 s
2012 [3] starting LOAD...
2012 [3] LOAD done: 17.81 min, 51.3 MB
2012: SPEEDY leap gap found: 2012-02-28T21 -> 2012-03-01T00
2012 [4] source time validation: 0.0 s
2012 [5] starting leap-day processing...
2012: inserted 8 records for Feb 29
2012 [5] leap-day processing done: 3.9 s
2012 [6] final time validation: 0.0 s
2012 [7] starting value validation...
2012: min=209.982, mean=280.290, max=317.010 K
2012 [7] value validation done: 0.1 s
2012 [8] building output dataset...
2012 [8] dataset built: 0.0 s
2012 [9] starting NetCDF WRITE...
2012 [9] WRITE done: 0.08 min
2012 [10] starting output verification...
2012 [10] VERIFY done: 0.01 min
2012 DONE: 34.8 MB
2012 TOTAL: 17.98 min

======================================================================
YEAR 2013
2013 [1] selected 2920 timesteps
2013 [2] isel done: 1.4 s
2013 [3] starting LOAD...
2013 [3] LOAD done: 12.91 min, 51.3 MB
2013 [4] source time validation: 0.0 s
2013 [5] starting leap-day processing...
2013 [5] leap-day processing done: 0.0 s
2013 [6] final time validation: 0.0 s
2013 [7] starting value validation...
2013: min=211.789, mean=280.295, max=317.476 K
2013 [7] value validation done: 0.1 s
2013 [8] building output dataset...
2013 [8] dataset built: 0.0 s
2013 [9] starting NetCDF WRITE...
2013 [9] WRITE done: 0.03 min
2013 [10] starting output verification...
2013 [10] VERIFY done: 0.00 min
2013 DONE: 34.7 MB
2013 TOTAL: 12.97 min

======================================================================
YEAR 2014
2014 [1] selected 2920 timesteps
2014 [2] isel done: 0.5 s
2014 [3] starting LOAD...
2014 [3] LOAD done: 5.12 min, 51.3 MB
2014 [4] source time validation: 0.0 s
2014 [5] starting leap-day processing...
2014 [5] leap-day processing done: 0.0 s
2014 [6] final time validation: 0.0 s
2014 [7] starting value validation...
2014: min=212.275, mean=280.342, max=318.439 K
2014 [7] value validation done: 0.1 s
2014 [8] building output dataset...
2014 [8] dataset built: 0.0 s
2014 [9] starting NetCDF WRITE...
2014 [9] WRITE done: 0.02 min
2014 [10] starting output verification...
2014 [10] VERIFY done: 0.00 min
2014 DONE: 34.7 MB
2014 TOTAL: 5.15 min

======================================================================
YEAR 2015
2015 [1] selected 2920 timesteps
2015 [2] isel done: 0.5 s
2015 [3] starting LOAD...
2015 [3] LOAD done: 6.33 min, 51.3 MB
2015 [4] source time validation: 0.0 s
2015 [5] starting leap-day processing...
2015 [5] leap-day processing done: 0.0 s
2015 [6] final time validation: 0.0 s
2015 [7] starting value validation...
2015: min=211.498, mean=280.297, max=317.758 K
2015 [7] value validation done: 0.1 s
2015 [8] building output dataset...
2015 [8] dataset built: 0.1 s
2015 [9] starting NetCDF WRITE...
2015 [9] WRITE done: 0.14 min
2015 [10] starting output verification...
2015 [10] VERIFY done: 0.42 min
2015 DONE: 34.7 MB
2015 TOTAL: 6.91 min

======================================================================
YEAR 2016
2016 [1] selected 2920 timesteps
2016 [2] isel done: 0.9 s
2016 [3] starting LOAD...
2016 [3] LOAD done: 0.47 min, 51.3 MB
2016: SPEEDY leap gap found: 2016-02-28T21 -> 2016-03-01T00
2016 [4] source time validation: 0.1 s
2016 [5] starting leap-day processing...
2016: inserted 8 records for Feb 29
2016 [5] leap-day processing done: 0.5 s
2016 [6] final time validation: 0.0 s
2016 [7] starting value validation...
2016: min=209.236, mean=280.358, max=317.564 K
2016 [7] value validation done: 0.1 s
2016 [8] building output dataset...
2016 [8] dataset built: 0.1 s
2016 [9] starting NetCDF WRITE...
2016 [9] WRITE done: 0.12 min
2016 [10] starting output verification...
2016 [10] VERIFY done: 0.06 min
2016 DONE: 34.8 MB
2016 TOTAL: 0.68 min

======================================================================
YEAR 2017
2017 [1] selected 2920 timesteps
2017 [2] isel done: 4.6 s
2017 [3] starting LOAD...
2017 [3] LOAD done: 9.86 min, 51.3 MB
2017 [4] source time validation: 0.0 s
2017 [5] starting leap-day processing...
2017 [5] leap-day processing done: 0.0 s
2017 [6] final time validation: 0.0 s
2017 [7] starting value validation...
2017: min=213.224, mean=280.301, max=317.614 K
2017 [7] value validation done: 0.1 s
2017 [8] building output dataset...
2017 [8] dataset built: 0.1 s
2017 [9] starting NetCDF WRITE...
2017 [9] WRITE done: 0.10 min
2017 [10] starting output verification...
2017 [10] VERIFY done: 0.02 min
2017 DONE: 34.7 MB
2017 TOTAL: 10.06 min

======================================================================
YEAR 2018
2018 [1] selected 2920 timesteps
2018 [2] isel done: 2.3 s
2018 [3] starting LOAD...
2018 [3] LOAD done: 7.69 min, 51.3 MB
2018 [4] source time validation: 0.0 s
2018 [5] starting leap-day processing...
2018 [5] leap-day processing done: 0.0 s
2018 [6] final time validation: 0.0 s
2018 [7] starting value validation...
2018: min=209.612, mean=280.125, max=318.320 K
2018 [7] value validation done: 0.1 s
2018 [8] building output dataset...
2018 [8] dataset built: 0.0 s
2018 [9] starting NetCDF WRITE...
2018 [9] WRITE done: 0.01 min
2018 [10] starting output verification...
2018 [10] VERIFY done: 0.00 min
2018 DONE: 34.7 MB
2018 TOTAL: 7.75 min

======================================================================
YEAR 2019
2019 [1] selected 2920 timesteps
2019 [2] isel done: 0.5 s
2019 [3] starting LOAD...
2019 [3] LOAD done: 9.47 min, 51.3 MB
2019 [4] source time validation: 0.0 s
2019 [5] starting leap-day processing...
2019 [5] leap-day processing done: 0.0 s
2019 [6] final time validation: 0.0 s
2019 [7] starting value validation...
2019: min=212.171, mean=280.226, max=318.376 K
2019 [7] value validation done: 0.1 s
2019 [8] building output dataset...
2019 [8] dataset built: 0.0 s
2019 [9] starting NetCDF WRITE...
2019 [9] WRITE done: 0.01 min
2019 [10] starting output verification...
2019 [10] VERIFY done: 0.00 min
2019 DONE: 34.7 MB
2019 TOTAL: 9.49 min

======================================================================
YEAR 2020
2020 [1] selected 2920 timesteps
2020 [2] isel done: 0.5 s
2020 [3] starting LOAD...
2020 [3] LOAD done: 7.75 min, 51.3 MB
2020: SPEEDY leap gap found: 2020-02-28T21 -> 2020-03-01T00
2020 [4] source time validation: 0.1 s
2020 [5] starting leap-day processing...
2020: inserted 8 records for Feb 29
2020 [5] leap-day processing done: 0.6 s
2020 [6] final time validation: 0.0 s
2020 [7] starting value validation...
2020: min=210.504, mean=280.253, max=318.458 K
2020 [7] value validation done: 0.2 s
2020 [8] building output dataset...
2020 [8] dataset built: 0.0 s
2020 [9] starting NetCDF WRITE...
2020 [9] WRITE done: 0.02 min
2020 [10] starting output verification...
2020 [10] VERIFY done: 0.00 min
2020 DONE: 34.8 MB
2020 TOTAL: 7.80 min

======================================================================
YEAR 2021
2021 [1] selected 2920 timesteps
2021 [2] isel done: 5.4 s
2021 [3] starting LOAD...
2021 [3] LOAD done: 13.55 min, 51.3 MB
2021 [4] source time validation: 0.1 s
2021 [5] starting leap-day processing...
2021 [5] leap-day processing done: 0.0 s
2021 [6] final time validation: 0.2 s
2021 [7] starting value validation...
2021: min=210.184, mean=280.285, max=317.729 K
2021 [7] value validation done: 0.4 s
2021 [8] building output dataset...
2021 [8] dataset built: 0.7 s
2021 [9] starting NetCDF WRITE...
2021 [9] WRITE done: 0.50 min
2021 [10] starting output verification...
2021 [10] VERIFY done: 0.06 min
2021 DONE: 34.7 MB
2021 TOTAL: 14.23 min

======================================================================
YEAR 2022
2022 [1] selected 2920 timesteps
2022 [2] isel done: 2.4 s
2022 [3] starting LOAD...
2022 [3] LOAD done: 19.87 min, 51.3 MB
2022 [4] source time validation: 0.0 s
2022 [5] starting leap-day processing...
2022 [5] leap-day processing done: 0.0 s
2022 [6] final time validation: 0.0 s
2022 [7] starting value validation...
2022: min=210.855, mean=280.268, max=318.069 K
2022 [7] value validation done: 0.4 s
2022 [8] building output dataset...
2022 [8] dataset built: 0.3 s
2022 [9] starting NetCDF WRITE...
2022 [9] WRITE done: 0.31 min
2022 [10] starting output verification...
2022 [10] VERIFY done: 0.03 min
2022 DONE: 34.7 MB
2022 TOTAL: 20.25 min

======================================================================
YEAR 2023
2023 [1] selected 2920 timesteps
2023 [2] isel done: 13.8 s
2023 [3] starting LOAD...
2023 [3] LOAD done: 9.66 min, 51.3 MB
2023 [4] source time validation: 0.2 s
2023 [5] starting leap-day processing...
2023 [5] leap-day processing done: 0.0 s
2023 [6] final time validation: 0.2 s
2023 [7] starting value validation...
2023: min=212.069, mean=280.272, max=317.964 K
2023 [7] value validation done: 0.1 s
2023 [8] building output dataset...
2023 [8] dataset built: 0.0 s
2023 [9] starting NetCDF WRITE...
2023 [9] WRITE done: 0.18 min
2023 [10] starting output verification...
2023 [10] VERIFY done: 0.17 min
2023 DONE: 34.7 MB
2023 TOTAL: 10.26 min

======================================================================
YEAR 2024
2024 [1] selected 2920 timesteps
2024 [2] isel done: 1.0 s
2024 [3] starting LOAD...
2024 [3] LOAD done: 13.31 min, 51.3 MB
2024: SPEEDY leap gap found: 2024-02-28T21 -> 2024-03-01T00
2024 [4] source time validation: 0.0 s
2024 [5] starting leap-day processing...
2024: inserted 8 records for Feb 29
2024 [5] leap-day processing done: 1.8 s
2024 [6] final time validation: 0.3 s
2024 [7] starting value validation...
2024: min=212.983, mean=280.335, max=317.920 K
2024 [7] value validation done: 0.3 s
2024 [8] building output dataset...
2024 [8] dataset built: 1.1 s
2024 [9] starting NetCDF WRITE...
2024 [9] WRITE done: 0.02 min
2024 [10] starting output verification...
2024 [10] VERIFY done: 0.00 min
2024 DONE: 34.8 MB
2024 TOTAL: 13.41 min

======================================================================
YEAR 2025
2025 [1] selected 2920 timesteps
2025 [2] isel done: 1.1 s
2025 [3] starting LOAD...
2025 [3] LOAD done: 12.83 min, 51.3 MB
2025 [4] source time validation: 0.9 s
2025 [5] starting leap-day processing...
2025 [5] leap-day processing done: 0.0 s
2025 [6] final time validation: 0.5 s
2025 [7] starting value validation...
2025: min=213.040, mean=280.376, max=318.147 K
2025 [7] value validation done: 0.9 s
2025 [8] building output dataset...
2025 [8] dataset built: 0.2 s
2025 [9] starting NetCDF WRITE...
2025 [9] WRITE done: 0.09 min
2025 [10] starting output verification...
2025 [10] VERIFY done: 0.00 min
2025 DONE: 34.7 MB
2025 TOTAL: 12.98 min

ALL YEARS COMPLETED
