NODE: lrdn4220.leonardo.local
PYTHON: /leonardo/home/userexternal/ntilinin/.venvs/ocean2/bin/python
Python 3.11.7
rlds 1958
rlds 1959
rlds 1960
rlds 1961
rlds 1962
rlds 1963
rlds 1964
rlds 1965
rlds 1966
rlds 1967
rlds 1968
rlds 1969
rlds 1970
rlds 1971
rlds 1972
rlds 1973
rlds 1974
rlds 1975
rlds 1976
rlds 1977
rlds 1978
rlds 1979
rlds 1980
rlds 1981
rlds 1982
rlds 1983
rlds 1984
rlds 1985
rlds 1986
rlds 1987
rlds 1988
rlds 1989
rlds 1990
rlds 1991
rlds 1992
rlds 1993
rlds 1994
rlds 1995
rlds 1996
rlds 1997
rlds 1998
rlds 1999
rlds 2000
rlds 2001
rlds 2002
rlds 2003
rlds 2004
rlds 2005
rlds 2006
rlds 2007
rlds 2008
rlds 2009
rlds 2010
rlds 2011
rlds 2012
rlds 2013
rlds 2014
rlds 2015
rlds 2016
rlds 2017
rlds 2018
rlds 2019

RLDS ocean mean
JRA55 : 352.7801257373061
SPEEDY: 338.7074794389264
BIAS  : -14.072646298379672
rsds 1958
rsds 1959
rsds 1960
rsds 1961
rsds 1962
rsds 1963
rsds 1964
rsds 1965
rsds 1966
rsds 1967
rsds 1968
rsds 1969
rsds 1970
rsds 1971
rsds 1972
rsds 1973
rsds 1974
rsds 1975
rsds 1976
rsds 1977
rsds 1978
rsds 1979
rsds 1980
rsds 1981
rsds 1982
rsds 1983
rsds 1984
rsds 1985
rsds 1986
rsds 1987
rsds 1988
rsds 1989
rsds 1990
rsds 1991
rsds 1992
rsds 1993
rsds 1994
rsds 1995
rsds 1996
rsds 1997
rsds 1998
rsds 1999
rsds 2000
rsds 2001
rsds 2002
rsds 2003
rsds 2004
rsds 2005
rsds 2006
rsds 2007
rsds 2008
rsds 2009
rsds 2010
rsds 2011
rsds 2012
rsds 2013
rsds 2014
rsds 2015
rsds 2016
rsds 2017
rsds 2018
rsds 2019

RSDS ocean mean
JRA55 : 181.83323675375547
SPEEDY: 197.02942680089038
BIAS  : 15.196190047134943

DONE
