Loading python/3.11.7
  Loading requirement: bzip2/1.0.8-ib3znej libmd/1.0.4-2km2lxx
    libbsd/0.12.1-oocs6an expat/2.6.2-p2t4wry ncurses/6.5-svfl57u
    readline/8.2-zeda6mx gdbm/1.23-wiol7vk libiconv/1.17-nhc3mhm
    xz/5.4.6-xxxg42c zlib-ng/2.1.6-jkgunjc libxml2/2.10.3-zbbe7lm
    pigz/2.8-5bwzpml zstd/1.5.6-uq5yyux tar/1.34-jgektnv gettext/0.22.5-hsxgafg
    libffi/3.4.6-4vs4jpp libxcrypt/4.4.35-7om46b5 sqlite/3.43.2-4kl5mnp
    util-linux-uuid/2.38.1-5achpds
Traceback (most recent call last):
  File "/leonardo_scratch/fast/ICT26_ESP/ntilinin/SPEEDY_access/scripts/diagnostics/compare_ssr_iaf_lat_band.py", line 146, in <module>
    ax.plot(x.lat,x,lw=1.8,label=name,color=colors[name])
  File "/leonardo/home/userexternal/ntilinin/.venvs/ocean2/lib/python3.11/site-packages/matplotlib/axes/_axes.py", line 1792, in plot
    lines = [*self._get_lines(self, *args, data=data, **kwargs)]
            ^^^^^^^^^^^^^^^^^^^^^^^^^^^^^^^^^^^^^^^^^^^^^^^^^^^^
  File "/leonardo/home/userexternal/ntilinin/.venvs/ocean2/lib/python3.11/site-packages/matplotlib/axes/_base.py", line 331, in __call__
    yield from self._plot_args(
               ^^^^^^^^^^^^^^^^
  File "/leonardo/home/userexternal/ntilinin/.venvs/ocean2/lib/python3.11/site-packages/matplotlib/axes/_base.py", line 554, in _plot_args
    return [l[0] for l in result]
           ^^^^^^^^^^^^^^^^^^^^^^
  File "/leonardo/home/userexternal/ntilinin/.venvs/ocean2/lib/python3.11/site-packages/matplotlib/axes/_base.py", line 554, in <listcomp>
    return [l[0] for l in result]
           ^^^^^^^^^^^^^^^^^^^^^^
  File "/leonardo/home/userexternal/ntilinin/.venvs/ocean2/lib/python3.11/site-packages/matplotlib/axes/_base.py", line 547, in <genexpr>
    result = (make_artist(axes, x[:, j % ncx], y[:, j % ncy], kw,
              ^^^^^^^^^^^^^^^^^^^^^^^^^^^^^^^^^^^^^^^^^^^^^^^^^^^
  File "/leonardo/home/userexternal/ntilinin/.venvs/ocean2/lib/python3.11/site-packages/matplotlib/axes/_base.py", line 353, in _make_line
    seg = mlines.Line2D(x, y, **kw)
          ^^^^^^^^^^^^^^^^^^^^^^^^^
  File "/leonardo/home/userexternal/ntilinin/.venvs/ocean2/lib/python3.11/site-packages/matplotlib/lines.py", line 400, in __init__
    self.set_color(color)
  File "/leonardo/home/userexternal/ntilinin/.venvs/ocean2/lib/python3.11/site-packages/matplotlib/lines.py", line 1105, in set_color
    mcolors._check_color_like(color=color)
  File "/leonardo/home/userexternal/ntilinin/.venvs/ocean2/lib/python3.11/site-packages/matplotlib/colors.py", line 277, in _check_color_like
    raise ValueError(
ValueError: 'dark orange' is not a valid value for color: supported inputs are (r, g, b) and (r, g, b, a) 0-1 float tuples; '#rrggbb', '#rrggbbaa', '#rgb', '#rgba' strings; named color strings; string reprs of 0-1 floats for grayscale values; 'C0', 'C1', ... strings for colors of the color cycle; and pairs combining one of the above with an alpha value
