NODE: lrdn4926.leonardo.local
PYTHON: /leonardo/home/userexternal/ntilinin/.venvs/ocean2/bin/python
Python 3.11.7
Opening SPEEDY old
Opening SPEEDY new
OLD SSR: <xarray.DataArray 'SSR' (time: 207320, lat: 48, lon: 96)> Size: 4GB
dask.array<reshape, shape=(207320, 48, 96), dtype=>f4, chunksize=(1, 48, 96), chunktype=numpy.ndarray>
Coordinates:
  * time     (time) datetime64[ns] 2MB 1956-01-01 ... 2026-12-31T21:00:00
  * lat      (lat) float64 384B -87.16 -83.48 -79.78 ... 79.78 83.48 87.16
  * lon      (lon) float32 384B 0.0 3.75 7.5 11.25 ... 345.0 348.8 352.5 356.2
Attributes:
    comment:  surface shortwave rad.
    storage:  99
NEW SSR: <xarray.DataArray 'SSR' (time: 207320, lat: 48, lon: 96)> Size: 4GB
dask.array<reshape, shape=(207320, 48, 96), dtype=>f4, chunksize=(1, 48, 96), chunktype=numpy.ndarray>
Coordinates:
  * time     (time) datetime64[ns] 2MB 1956-01-01 ... 2026-12-31T21:00:00
  * lat      (lat) float64 384B -87.16 -83.48 -79.78 ... 79.78 83.48 87.16
  * lon      (lon) float32 384B 0.0 3.75 7.5 11.25 ... 345.0 348.8 352.5 356.2
Attributes:
    comment:  surface shortwave rad.
    storage:  99
1958
1959
1960
1961
1962
1963
1964
1965
1966
1967
1968
1969
1970
1971
1972
1973
1974
1975
1976
1977
1978
1979
1980
1981
1982
1983
1984
1985
1986
1987
1988
1989
1990
1991
1992
1993
1994
1995
1996
1997
1998
1999
2000
2001
2002
2003
2004
2005
2006
2007
2008
2009
2010
2011
2012
2013
2014
2015
2016
2017
2018
2019
2020
DONE
