
# >>>>>>>>>>>>>>>>>>>>>> ERROR REPORT <<<<<<<<<<<<<<<<<<<<<<

    Traceback (most recent call last):
      File "/leonardo/prod/spack/03/install/0.19/linux-rhel8-icelake/gcc-8.5.0/anaconda3-2022.05-e7262poa2u2i3rurf3cdt6a5r6dqieik/lib/python3.9/site-packages/conda/cli/main.py", line 143, in main
        return activator_main()
      File "/leonardo/prod/spack/03/install/0.19/linux-rhel8-icelake/gcc-8.5.0/anaconda3-2022.05-e7262poa2u2i3rurf3cdt6a5r6dqieik/lib/python3.9/site-packages/conda/activate.py", line 1222, in main
        print(activator.execute(), end='')
      File "/leonardo/prod/spack/03/install/0.19/linux-rhel8-icelake/gcc-8.5.0/anaconda3-2022.05-e7262poa2u2i3rurf3cdt6a5r6dqieik/lib/python3.9/site-packages/conda/activate.py", line 178, in execute
        return getattr(self, self.command)()
      File "/leonardo/prod/spack/03/install/0.19/linux-rhel8-icelake/gcc-8.5.0/anaconda3-2022.05-e7262poa2u2i3rurf3cdt6a5r6dqieik/lib/python3.9/site-packages/conda/activate.py", line 152, in activate
        builder_result = self.build_activate(self.env_name_or_prefix)
      File "/leonardo/prod/spack/03/install/0.19/linux-rhel8-icelake/gcc-8.5.0/anaconda3-2022.05-e7262poa2u2i3rurf3cdt6a5r6dqieik/lib/python3.9/site-packages/conda/activate.py", line 300, in build_activate
        return self._build_activate_stack(env_name_or_prefix, False)
      File "/leonardo/prod/spack/03/install/0.19/linux-rhel8-icelake/gcc-8.5.0/anaconda3-2022.05-e7262poa2u2i3rurf3cdt6a5r6dqieik/lib/python3.9/site-packages/conda/activate.py", line 378, in _build_activate_stack
        deactivate_scripts = self._get_deactivate_scripts(old_conda_prefix)
      File "/leonardo/prod/spack/03/install/0.19/linux-rhel8-icelake/gcc-8.5.0/anaconda3-2022.05-e7262poa2u2i3rurf3cdt6a5r6dqieik/lib/python3.9/site-packages/conda/activate.py", line 715, in _get_deactivate_scripts
        paths = (entry.path for entry in scandir(join(prefix, 'etc', 'conda', 'deactivate.d')))
      File "/leonardo/prod/spack/03/install/0.19/linux-rhel8-icelake/gcc-8.5.0/anaconda3-2022.05-e7262poa2u2i3rurf3cdt6a5r6dqieik/lib/python3.9/posixpath.py", line 76, in join
        a = os.fspath(a)
    TypeError: expected str, bytes or os.PathLike object, not NoneType

`$ /leonardo/prod/spack/03/install/0.19/linux-rhel8-icelake/gcc-8.5.0/anaconda3-2022.05-e7262poa2u2i3rurf3cdt6a5r6dqieik/bin/conda shell.posix activate ocean`

  environment variables:
    ACL_BOARD_VENDOR_PATH=/opt/Intel/OpenCLFPGA/oneAPI/Boards
                 CIO_TEST=<not set>
        CMAKE_PREFIX_PATH=/leonardo/home/userexternal/ntilinin/ACCESS-NRI/release/linux-rhel8-x8
                          6_64/intel-2021.2.0/openmpi-4.1.4-ga6avsdxmjya35twagfjts7jp3yahbwt/.:/
                          leonardo/home/userexternal/ntilinin/ACCESS-NRI/release/linux-rhel8-x86
                          _64/intel-2021.2.0/pmix-4.2.2-ynryh6yalprneoe7h7qbrrqs3dhkbsjd/.:/leon
                          ardo/home/userexternal/ntilinin/ACCESS-NRI/release/linux-
                          rhel8-x86_64/gcc-8.5.0/intel-oneapi-
                          compilers-2021.2.0-p7vtyvvbgagsrrlfevnaa4wkhugzl776/.
                CONDA_EXE=/leonardo/prod/spack/03/install/0.19/linux-rhel8-icelake/gcc-8.5.0/ana
                          conda3-2022.05-e7262poa2u2i3rurf3cdt6a5r6dqieik/bin/conda
    CONDA_PROMPT_MODIFIER=(ocean)
         CONDA_PYTHON_EXE=/leonardo/prod/spack/03/install/0.19/linux-rhel8-icelake/gcc-8.5.0/ana
                          conda3-2022.05-e7262poa2u2i3rurf3cdt6a5r6dqieik/bin/python
               CONDA_ROOT=/leonardo/prod/spack/03/install/0.19/linux-rhel8-icelake/gcc-8.5.0/ana
                          conda3-2022.05-e7262poa2u2i3rurf3cdt6a5r6dqieik
              CONDA_SHLVL=1
                    CPATH=/leonardo/home/userexternal/ntilinin/ACCESS-NRI/release/linux-
                          rhel8-x86_64/gcc-8.5.0/intel-oneapi-compilers-2021.2.0-p7vtyvvbgagsrrl
                          fevnaa4wkhugzl776/compiler/2021.2.0/linux/include
           CURL_CA_BUNDLE=<not set>
          LD_LIBRARY_PATH=/leonardo/home/userexternal/ntilinin/ACCESS-NRI/release/linux-rhel8-x8
                          6_64/intel-2021.2.0/openmpi-4.1.4-ga6avsdxmjya35twagfjts7jp3yahbwt/lib
                          /
             LIBRARY_PATH=/leonardo/home/userexternal/ntilinin/ACCESS-NRI/release/linux-
                          rhel8-x86_64/gcc-8.5.0/intel-oneapi-compilers-2021.2.0-p7vtyvvbgagsrrl
                          fevnaa4wkhugzl776/compiler/2021.2.0/linux/compiler/lib/intel64_lin:/le
                          onardo/home/userexternal/ntilinin/ACCESS-NRI/release/linux-
                          rhel8-x86_64/gcc-8.5.0/intel-oneapi-compilers-2021.2.0-p7vtyvvbgagsrrl
                          fevnaa4wkhugzl776/compiler/2021.2.0/linux/lib
                  MANPATH=/leonardo/home/userexternal/ntilinin/ACCESS-NRI/release/linux-rhel8-x8
                          6_64/intel-2021.2.0/openmpi-4.1.4-ga6avsdxmjya35twagfjts7jp3yahbwt/sha
                          re/man::/leonardo/home/userexternal/ntilinin/ACCESS-NRI/release/linux-
                          rhel8-x86_64/gcc-8.5.0/intel-oneapi-compilers-2021.2.0-p7vtyvvbgagsrrl
                          fevnaa4wkhugzl776/compiler/2021.2.0/documentation/en/man/common
               MODULEPATH=/leonardo/home/userexternal/ntilinin/ACCESS-NRI/release/modules/linux-
                          rhel8-x86_64:/leonardo/prod/spack/03/install/0.19/linux-
                          rhel8-icelake/gcc-8.5.0/environment-modules-5.2.0-rz47odw4phlhzhhbz7b6
                          5nv5s5othgmi/modulefiles:/leonardo/prod/opt/modulefiles/profiles:/leon
                          ardo/prod/opt/modulefiles/base/archive:/leonardo/prod/opt/modulefiles/
                          base/dependencies:/leonardo/prod/opt/modulefiles/base/data:/leonardo/p
                          rod/opt/modulefiles/base/environment:/leonardo/prod/opt/modulefiles/ba
                          se/libraries:/leonardo/prod/opt/modulefiles/base/tools:/leonardo/prod/
                          opt/modulefiles/base/compilers:/leonardo/prod/opt/modulefiles/base/app
                          lications
                     PATH=/leonardo/prod/spack/03/install/0.19/linux-rhel8-icelake/gcc-8.5.0/ana
                          conda3-2022.05-e7262poa2u2i3rurf3cdt6a5r6dqieik/bin:/leonardo/home/use
                          rexternal/ntilinin/ACCESS-NRI/release/linux-rhel8-x86_64/intel-2021.2.
                          0/openmpi-4.1.4-ga6avsdxmjya35twagfjts7jp3yahbwt/bin:/leonardo/home/us
                          erexternal/ntilinin/ACCESS-NRI/release/linux-rhel8-x86_64/intel-2021.2
                          .0/pmix-4.2.2-ynryh6yalprneoe7h7qbrrqs3dhkbsjd/bin:/leonardo/home/user
                          external/ntilinin/ACCESS-NRI/release/linux-
                          rhel8-x86_64/gcc-8.5.0/intel-oneapi-compilers-2021.2.0-p7vtyvvbgagsrrl
                          fevnaa4wkhugzl776/compiler/2021.2.0/linux/lib/oclfpga/llvm/aocl-
                          bin:/leonardo/home/userexternal/ntilinin/ACCESS-NRI/release/linux-
                          rhel8-x86_64/gcc-8.5.0/intel-oneapi-compilers-2021.2.0-p7vtyvvbgagsrrl
                          fevnaa4wkhugzl776/compiler/2021.2.0/linux/lib/oclfpga/bin:/leonardo/ho
                          me/userexternal/ntilinin/ACCESS-NRI/release/linux-
                          rhel8-x86_64/gcc-8.5.0/intel-oneapi-compilers-2021.2.0-p7vtyvvbgagsrrl
                          fevnaa4wkhugzl776/compiler/2021.2.0/linux/bin/intel64:/leonardo/home/u
                          serexternal/ntilinin/ACCESS-NRI/release/linux-
                          rhel8-x86_64/gcc-8.5.0/intel-oneapi-compilers-2021.2.0-p7vtyvvbgagsrrl
                          fevnaa4wkhugzl776/compiler/2021.2.0/linux/bin:/leonardo/home/userexter
                          nal/ntilinin/ACCESS-NRI/release/linux-rhel8-x86_64/gcc-8.5.0/intel-
                          oneapi-compilers-2021.2.0-p7vtyvvbgagsrrlfevnaa4wkhugzl776/compiler/20
                          21.2.0/linux/ioc/bin:/leonardo/home/userexternal/ntilinin/ACCESS-NRI/s
                          pack/bin:/leonardo/home/userexternal/ntilinin/.conda/envs/ocean/bin:/l
                          eonardo/prod/spack/03/install/0.19/linux-rhel8-icelake/gcc-8.5.0/anaco
                          nda3-2022.05-e7262poa2u2i3rurf3cdt6a5r6dqieik/condabin:/cineca/bin:/le
                          onardo/home/userexternal/ntilinin/.vscode-server/cli/servers/Stable-f1
                          e16e1e6214d7c44d078b1f0607b2388f29d729/server/bin/remote-cli:/cineca/b
                          in:/cineca/bin:/leonardo/prod/spack/03/install/0.19/linux-
                          rhel8-icelake/gcc-8.5.0/environment-modules-5.2.0-rz47odw4phlhzhhbz7b6
                          5nv5s5othgmi/bin:/usr/local/bin:/usr/bin:/usr/local/sbin:/usr/sbin:/le
                          onardo/home/userexternal/ntilinin/.local/bin:/leonardo/home/userextern
                          al/ntilinin/.local/bin:/leonardo/home/userexternal/ntilinin/.local/bin
          PKG_CONFIG_PATH=/leonardo/home/userexternal/ntilinin/ACCESS-NRI/release/linux-rhel8-x8
                          6_64/intel-2021.2.0/openmpi-4.1.4-ga6avsdxmjya35twagfjts7jp3yahbwt/lib
                          /pkgconfig:/leonardo/home/userexternal/ntilinin/ACCESS-
                          NRI/release/linux-rhel8-x86_64/intel-2021.2.0/pmix-4.2.2-ynryh6yalprne
                          oe7h7qbrrqs3dhkbsjd/lib/pkgconfig
       REQUESTS_CA_BUNDLE=<not set>
            SSL_CERT_FILE=/etc/pki/ca-trust/extracted/pem/tls-ca-bundle.pem
  __MODULES_SHARE_MANPATH=:3
     __MODULES_SHARE_PATH=/leonardo/home/userexternal/ntilinin/.local/bin:4

     active environment : None
            shell level : 1
       user config file : /leonardo/home/userexternal/ntilinin/.condarc
 populated config files : 
          conda version : 4.12.0
    conda-build version : 3.21.8
         python version : 3.9.12.final.0
       virtual packages : __linux=4.18.0=0
                          __glibc=2.28=0
                          __unix=0=0
                          __archspec=1=x86_64
       base environment : /leonardo/prod/spack/03/install/0.19/linux-rhel8-icelake/gcc-8.5.0/anaconda3-2022.05-e7262poa2u2i3rurf3cdt6a5r6dqieik  (read only)
      conda av data dir : /leonardo/prod/spack/03/install/0.19/linux-rhel8-icelake/gcc-8.5.0/anaconda3-2022.05-e7262poa2u2i3rurf3cdt6a5r6dqieik/etc/conda
  conda av metadata url : None
           channel URLs : https://repo.anaconda.com/pkgs/main/linux-64
                          https://repo.anaconda.com/pkgs/main/noarch
                          https://repo.anaconda.com/pkgs/r/linux-64
                          https://repo.anaconda.com/pkgs/r/noarch
          package cache : /leonardo/prod/spack/03/install/0.19/linux-rhel8-icelake/gcc-8.5.0/anaconda3-2022.05-e7262poa2u2i3rurf3cdt6a5r6dqieik/pkgs
                          /leonardo/home/userexternal/ntilinin/.conda/pkgs
       envs directories : /leonardo/home/userexternal/ntilinin/.conda/envs
                          /leonardo/prod/spack/03/install/0.19/linux-rhel8-icelake/gcc-8.5.0/anaconda3-2022.05-e7262poa2u2i3rurf3cdt6a5r6dqieik/envs
               platform : linux-64
             user-agent : conda/4.12.0 requests/2.27.1 CPython/3.9.12 Linux/4.18.0-477.27.1.el8_8.x86_64 rhel/8.8 glibc/2.28
                UID:GID : 126014:25200
             netrc file : None
           offline mode : False


An unexpected error has occurred. Conda has prepared the above report.

Traceback (most recent call last):
  File "<string>", line 1, in <module>
  File "/leonardo/home/userexternal/ntilinin/.conda/envs/ocean/lib/python3.11/site-packages/xarray/__init__.py", line 3, in <module>
    from xarray import coders, groupers, indexes, testing, tutorial, ufuncs
  File "/leonardo/home/userexternal/ntilinin/.conda/envs/ocean/lib/python3.11/site-packages/xarray/coders.py", line 6, in <module>
    from xarray.coding.times import CFDatetimeCoder, CFTimedeltaCoder
  File "/leonardo/home/userexternal/ntilinin/.conda/envs/ocean/lib/python3.11/site-packages/xarray/coding/times.py", line 12, in <module>
    import pandas as pd
  File "/leonardo/home/userexternal/ntilinin/.conda/envs/ocean/lib/python3.11/site-packages/pandas/__init__.py", line 22, in <module>
    from pandas.compat import (
  File "/leonardo/home/userexternal/ntilinin/.conda/envs/ocean/lib/python3.11/site-packages/pandas/compat/__init__.py", line 18, in <module>
    from pandas.compat._constants import (
  File "/leonardo/home/userexternal/ntilinin/.conda/envs/ocean/lib/python3.11/site-packages/pandas/compat/_constants.py", line 18, in <module>
    PYPY = platform.python_implementation() == "PyPy"
           ^^^^^^^^^^^^^^^^^^^^^^^^^^^^^^^^
  File "/leonardo/prod/spack/5.2/install/0.21/linux-rhel8-icelake/gcc-8.5.0/anaconda3-2023.09-0-zcre7pfofz45c3btxpdk5zvcicdq5evx/lib/python3.11/platform.py", line 1122, in python_implementation
    return _sys_version()[0]
           ^^^^^^^^^^^^^^
  File "/leonardo/prod/spack/5.2/install/0.21/linux-rhel8-icelake/gcc-8.5.0/anaconda3-2023.09-0-zcre7pfofz45c3btxpdk5zvcicdq5evx/lib/python3.11/platform.py", line 1081, in _sys_version
    raise ValueError(
ValueError: failed to parse CPython sys.version: '3.11.5 | packaged by conda-forge | (main, Aug 27 2023, 03:34:09) [GCC 12.3.0]'
Traceback (most recent call last):
  File "/leonardo_scratch/fast/ICT26_ESP/ntilinin/SPEEDY_access/scripts/diagnostics/compare_tas.py", line 5, in <module>
    import xarray as xr
  File "/leonardo/home/userexternal/ntilinin/.conda/envs/ocean/lib/python3.11/site-packages/xarray/__init__.py", line 3, in <module>
    from xarray import coders, groupers, indexes, testing, tutorial, ufuncs
  File "/leonardo/home/userexternal/ntilinin/.conda/envs/ocean/lib/python3.11/site-packages/xarray/coders.py", line 6, in <module>
    from xarray.coding.times import CFDatetimeCoder, CFTimedeltaCoder
  File "/leonardo/home/userexternal/ntilinin/.conda/envs/ocean/lib/python3.11/site-packages/xarray/coding/times.py", line 12, in <module>
    import pandas as pd
  File "/leonardo/home/userexternal/ntilinin/.conda/envs/ocean/lib/python3.11/site-packages/pandas/__init__.py", line 22, in <module>
    from pandas.compat import (
  File "/leonardo/home/userexternal/ntilinin/.conda/envs/ocean/lib/python3.11/site-packages/pandas/compat/__init__.py", line 18, in <module>
    from pandas.compat._constants import (
  File "/leonardo/home/userexternal/ntilinin/.conda/envs/ocean/lib/python3.11/site-packages/pandas/compat/_constants.py", line 18, in <module>
    PYPY = platform.python_implementation() == "PyPy"
           ^^^^^^^^^^^^^^^^^^^^^^^^^^^^^^^^
  File "/leonardo/prod/spack/5.2/install/0.21/linux-rhel8-icelake/gcc-8.5.0/anaconda3-2023.09-0-zcre7pfofz45c3btxpdk5zvcicdq5evx/lib/python3.11/platform.py", line 1122, in python_implementation
    return _sys_version()[0]
           ^^^^^^^^^^^^^^
  File "/leonardo/prod/spack/5.2/install/0.21/linux-rhel8-icelake/gcc-8.5.0/anaconda3-2023.09-0-zcre7pfofz45c3btxpdk5zvcicdq5evx/lib/python3.11/platform.py", line 1081, in _sys_version
    raise ValueError(
ValueError: failed to parse CPython sys.version: '3.11.5 | packaged by conda-forge | (main, Aug 27 2023, 03:34:09) [GCC 12.3.0]'
